[INFO] Scanning for projects...
[INFO] 
[INFO] -----------------< com.ecommerce:shipping-calculator >------------------
[INFO] Building shipping-calculator 0.0.1-SNAPSHOT
[INFO]   from pom.xml
[INFO] --------------------------------[ jar ]---------------------------------
[INFO] 
[INFO] --- clean:3.5.0:clean (default-clean) @ shipping-calculator ---
[INFO] Deleting C:\Users\91959\OneDrive\Desktop\jumbotail\shipping-calculator\target
[INFO] 
[INFO] --- resources:3.3.1:resources (default-resources) @ shipping-calculator ---
[INFO] Copying 1 resource from src\main\resources to target\classes
[INFO] Copying 4 resources from src\main\resources to target\classes
[INFO] 
[INFO] --- compiler:3.14.1:compile (default-compile) @ shipping-calculator ---
[INFO] Recompiling the module because of changed source code.
[INFO] Compiling 28 source files with javac [debug parameters release 17] to target\classes
[INFO] 
[INFO] --- resources:3.3.1:testResources (default-testResources) @ shipping-calculator ---
[INFO] skip non existing resourceDirectory C:\Users\91959\OneDrive\Desktop\jumbotail\shipping-calculator\src\test\resources
[INFO] 
[INFO] --- compiler:3.14.1:testCompile (default-testCompile) @ shipping-calculator ---
[INFO] Recompiling the module because of changed dependency.
[INFO] Compiling 3 source files with javac [debug parameters release 17] to target\test-classes
[INFO] 
[INFO] --- surefire:3.5.4:test (default-test) @ shipping-calculator ---
[INFO] Using auto detected provider org.apache.maven.surefire.junitplatform.JUnitPlatformProvider
[INFO] 
[INFO] -------------------------------------------------------
[INFO]  T E S T S
[INFO] -------------------------------------------------------
[INFO] Running com.ecommerce.shipping.service.ShippingServiceTest
.\mvnw.cmd : OpenJDK 
64-Bit Server VM 
warning: Sharing is 
only supported for 
boot loader classes 
because bootstrap 
classpath has been 
appended
At line:1 char:1
+ .\mvnw.cmd clean 
test > test_output.txt 
2>&1 ; Get-Content 
test_outpu ...
+ ~~~~~~~~~~~~~~~~~~~~~
~~~~~~~~~~~~~~~~~~~~~~~
    + CategoryInfo     
         : NotSpecifi  
  ed: (OpenJDK 64-Bi   
 t ...s been append    
ed:String) [], Rem    
oteException
    + FullyQualifiedEr 
   rorId : NativeComm  
  andError
 
[INFO] Tests run: 2, Failures: 0, Errors: 0, Skipped: 0, Time elapsed: 4.101 s -- in com.ecommerce.shipping.service.ShippingServiceTest
[INFO] Running com.ecommerce.shipping.ShippingCalculatorApplicationTests
15:41:10.730 [main] INFO org.springframework.test.context.support.AnnotationConfigContextLoaderUtils -- Could not detect default configuration classes for test class [com.ecommerce.shipping.ShippingCalculatorApplicationTests]: ShippingCalculatorApplicationTests does not declare any static, non-private, non-final, nested classes annotated with @Configuration.
15:41:11.193 [main] INFO org.springframework.boot.test.context.SpringBootTestContextBootstrapper -- Found @SpringBootConfiguration com.ecommerce.shipping.ShippingCalculatorApplication for test class com.ecommerce.shipping.ShippingCalculatorApplicationTests

  .   ____          _            __ _ _
 /\\ / ___'_ __ _ _(_)_ __  __ _ \ \ \ \
( ( )\___ | '_ | '_| | '_ \/ _` | \ \ \ \
 \\/  ___)| |_)| | | | | || (_| |  ) ) ) )
  '  |____| .__|_| |_|_| |_\__, | / / / /
 =========|_|==============|___/=/_/_/_/

 :: Spring Boot ::                (v4.0.3)

2026-03-03T15:41:13.394+05:30  INFO 4424 --- [           main] c.e.s.ShippingCalculatorApplicationTests : Starting ShippingCalculatorApplicationTests using Java 17.0.16 with PID 4424 (started by 91959 in C:\Users\91959\OneDrive\Desktop\jumbotail\shipping-calculator)
2026-03-03T15:41:13.402+05:30  INFO 4424 --- [           main] c.e.s.ShippingCalculatorApplicationTests : No active profile set, falling back to 1 default profile: "default"
2026-03-03T15:41:16.411+05:30  INFO 4424 --- [           main] .s.d.r.c.RepositoryConfigurationDelegate : Bootstrapping Spring Data JPA repositories in DEFAULT mode.
2026-03-03T15:41:16.733+05:30  INFO 4424 --- [           main] .s.d.r.c.RepositoryConfigurationDelegate : Finished Spring Data repository scanning in 257 ms. Found 4 JPA repository interfaces.
2026-03-03T15:41:18.499+05:30  INFO 4424 --- [           main] org.hibernate.orm.jpa                    : HHH008540: Processing PersistenceUnitInfo [name: default]
2026-03-03T15:41:18.839+05:30  INFO 4424 --- [           main] org.hibernate.orm.core                   : HHH000001: Hibernate ORM core version 7.2.4.Final
2026-03-03T15:41:20.181+05:30  INFO 4424 --- [           main] o.s.o.j.p.SpringPersistenceUnitInfo      : No LoadTimeWeaver setup: ignoring JPA class transformer
2026-03-03T15:41:20.301+05:30  INFO 4424 --- [           main] com.zaxxer.hikari.HikariDataSource       : HikariPool-1 - Starting...
2026-03-03T15:41:20.774+05:30  INFO 4424 --- [           main] com.zaxxer.hikari.pool.HikariPool        : HikariPool-1 - Added connection conn0: url=jdbc:h2:mem:testdb user=SA
2026-03-03T15:41:20.778+05:30  INFO 4424 --- [           main] com.zaxxer.hikari.HikariDataSource       : HikariPool-1 - Start completed.
2026-03-03T15:41:20.839+05:30  WARN 4424 --- [           main] org.hibernate.orm.deprecation            : HHH90000025: H2Dialect does not need to be specified explicitly using 'hibernate.dialect' (remove the property setting and it will be selected by default)
2026-03-03T15:41:20.896+05:30  INFO 4424 --- [           main] org.hibernate.orm.connections.pooling    : HHH10001005: Database info:
	Database JDBC URL [jdbc:h2:mem:testdb]
	Database driver: H2 JDBC Driver
	Database dialect: H2Dialect
	Database version: 2.4.240
	Default catalog/schema: TESTDB/PUBLIC
	Autocommit mode: undefined/unknown
	Isolation level: READ_COMMITTED [default READ_COMMITTED]
	JDBC fetch size: 100
	Pool: DataSourceConnectionProvider
	Minimum pool size: undefined/unknown
	Maximum pool size: undefined/unknown
2026-03-03T15:41:21.810+05:30 ERROR 4424 --- [           main] j.LocalContainerEntityManagerFactoryBean : Failed to initialize JPA EntityManagerFactory: Unable to build Hibernate SessionFactory  [persistence unit: default] ; nested exception is java.lang.IllegalArgumentException: Unrecognized 'hibernate.hbm2ddl.auto' setting: 'always'
2026-03-03T15:41:21.811+05:30  WARN 4424 --- [           main] o.s.w.c.s.GenericWebApplicationContext   : Exception encountered during context initialization - cancelling refresh attempt: org.springframework.beans.factory.BeanCreationException: Error creating bean with name 'entityManagerFactory' defined in class path resource [org/springframework/boot/hibernate/autoconfigure/HibernateJpaConfiguration.class]: Unable to build Hibernate SessionFactory  [persistence unit: default] ; nested exception is java.lang.IllegalArgumentException: Unrecognized 'hibernate.hbm2ddl.auto' setting: 'always'
2026-03-03T15:41:21.812+05:30  INFO 4424 --- [           main] com.zaxxer.hikari.HikariDataSource       : HikariPool-1 - Shutdown initiated...
2026-03-03T15:41:21.821+05:30  INFO 4424 --- [           main] com.zaxxer.hikari.HikariDataSource       : HikariPool-1 - Shutdown completed.



=======================
=====
CONDITIONS EVALUATION 
REPORT
=======================
=====


Positive matches:
-----------------

   
AopAutoConfiguration 
matched:
      - @ConditionalOnB
ooleanProperty 
(spring.aop.auto=true) 
matched 
(OnPropertyCondition)

   AopAutoConfiguration
.AspectJAutoProxyingCon
figuration matched:
      - 
@ConditionalOnClass 
found required class 'o
rg.aspectj.weaver.Advic
e' (OnClassCondition)

   AopAutoConfiguration
.AspectJAutoProxyingCon
figuration.CglibAutoPro
xyConfiguration 
matched:
      - @ConditionalOnB
ooleanProperty (spring.
aop.proxy-target-class=
true) matched 
(OnPropertyCondition)

   ApplicationAvailabil
ityAutoConfiguration#ap
plicationAvailability 
matched:
      - @ConditionalOnM
issingBean (types: org.
springframework.boot.av
ailability.ApplicationA
vailability; 
SearchStrategy: all) 
did not find any beans 
(OnBeanCondition)

   
CacheAutoConfiguration 
matched:
      - 
@ConditionalOnClass 
found required class 'o
rg.springframework.cach
e.CacheManager' 
(OnClassCondition)
      - 
@ConditionalOnBean 
(types: org.springframe
work.cache.interceptor.
CacheAspectSupport; 
SearchStrategy: all) 
found bean 
'cacheInterceptor'; @Co
nditionalOnMissingBean 
(names: cacheResolver 
types: org.springframew
ork.cache.CacheManager;
 SearchStrategy: all) 
did not find any beans 
(OnBeanCondition)

   CacheAutoConfigurati
on#cacheManagerCustomiz
ers matched:
      - @ConditionalOnM
issingBean (types: org.
springframework.boot.ca
che.autoconfigure.Cache
ManagerCustomizers; 
SearchStrategy: all) 
did not find any beans 
(OnBeanCondition)

   CacheAutoConfigurati
on.CacheManagerEntityMa
nagerFactoryDependsOnCo
nfiguration matched:
      - 
@ConditionalOnClass 
found required classes 
'org.springframework.bo
ot.jpa.autoconfigure.En
tityManagerFactoryDepen
dsOnPostProcessor', 'or
g.springframework.orm.j
pa.LocalContainerEntity
ManagerFactoryBean' 
(OnClassCondition)
      - 
@ConditionalOnBean 
(types: org.springframe
work.orm.jpa.AbstractEn
tityManagerFactoryBean;
 SearchStrategy: all) 
found bean '&entityMana
gerFactory' 
(OnBeanCondition)

   DataJpaRepositoriesA
utoConfiguration 
matched:
      - 
@ConditionalOnClass 
found required class 'o
rg.springframework.data
.jpa.repository.JpaRepo
sitory' 
(OnClassCondition)
      - @ConditionalOnB
ooleanProperty (spring.
data.jpa.repositories.e
nabled=true) matched 
(OnPropertyCondition)
      - 
@ConditionalOnBean 
(types: 
javax.sql.DataSource; 
SearchStrategy: all) 
found bean 
'dataSource'; @Conditio
nalOnMissingBean 
(types: org.springframe
work.data.jpa.repositor
y.support.JpaRepository
FactoryBean,org.springf
ramework.data.jpa.repos
itory.config.JpaReposit
oryConfigExtension; 
SearchStrategy: all) 
did not find any beans 
(OnBeanCondition)

   DataSourceAutoConfig
uration matched:
      - 
@ConditionalOnClass 
found required classes 
'javax.sql.DataSource',
 'org.springframework.j
dbc.datasource.embedded
.EmbeddedDatabaseType' 
(OnClassCondition)
      - @ConditionalOnM
issingBean (types: io.r
2dbc.spi.ConnectionFact
ory; SearchStrategy: 
all) did not find any 
beans (OnBeanCondition)

   DataSourceAutoConfig
uration.PooledDataSourc
eConfiguration matched:
      - 
AnyNestedCondition 1 
matched 1 did not; 
NestedCondition on Data
SourceAutoConfiguration
.PooledDataSourceCondit
ion.PooledDataSourceAva
ilable 
PooledDataSource found 
supported DataSource; 
NestedCondition on Data
SourceAutoConfiguration
.PooledDataSourceCondit
ion.ExplicitType 
@ConditionalOnProperty 
(spring.datasource.type
) did not find 
property 'spring.dataso
urce.type' (DataSourceA
utoConfiguration.Pooled
DataSourceCondition)
      - @ConditionalOnM
issingBean (types: java
x.sql.DataSource,javax.
sql.XADataSource; 
SearchStrategy: all) 
did not find any beans 
(OnBeanCondition)

   DataSourceAutoConfig
uration.PooledDataSourc
eConfiguration#jdbcConn
ectionDetails matched:
      - @ConditionalOnM
issingBean (types: org.
springframework.boot.jd
bc.autoconfigure.JdbcCo
nnectionDetails; 
SearchStrategy: all) 
did not find any beans 
(OnBeanCondition)

   DataSourceConfigurat
ion.Hikari matched:
      - 
@ConditionalOnClass 
found required class 'c
om.zaxxer.hikari.Hikari
DataSource' 
(OnClassCondition)
      - 
@ConditionalOnProperty 
(spring.datasource.type
=com.zaxxer.hikari.Hika
riDataSource) matched 
(OnPropertyCondition)
      - @ConditionalOnM
issingBean (types: 
javax.sql.DataSource; 
SearchStrategy: all) 
did not find any beans 
(OnBeanCondition)

   DataSourceInitializa
tionAutoConfiguration 
matched:
      - 
@ConditionalOnClass 
found required class 'o
rg.springframework.jdbc
.datasource.init.Databa
sePopulator' 
(OnClassCondition)
      - SQL 
InitializationDatabase 
Initialization 
spring.sql.init.mode 
is ALWAYS (OnSqlInitial
izationCondition)
      - @ConditionalOnS
ingleCandidate (types: 
javax.sql.DataSource; 
SearchStrategy: all) 
found a single bean 
'dataSource'; @Conditio
nalOnMissingBean 
(types: org.springframe
work.boot.sql.autoconfi
gure.init.ApplicationSc
riptDatabaseInitializer
; SearchStrategy: all) 
did not find any beans 
(OnBeanCondition)

   DataSourcePoolMetada
taProvidersConfiguratio
n.HikariPoolDataSourceM
etadataProviderConfigur
ation matched:
      - 
@ConditionalOnClass 
found required class 'c
om.zaxxer.hikari.Hikari
DataSource' 
(OnClassCondition)

   DataSourceTransactio
nManagerAutoConfigurati
on matched:
      - 
@ConditionalOnClass 
found required classes 
'javax.sql.DataSource',
 'org.springframework.j
dbc.core.JdbcTemplate',
 'org.springframework.t
ransaction.TransactionM
anager' 
(OnClassCondition)

   DataSourceTransactio
nManagerAutoConfigurati
on.JdbcTransactionManag
erConfiguration 
matched:
      - @ConditionalOnS
ingleCandidate (types: 
javax.sql.DataSource; 
SearchStrategy: all) 
found a single bean 
'dataSource' 
(OnBeanCondition)

   DataWebAutoConfigura
tion matched:
      - 
@ConditionalOnClass 
found required classes 
'org.springframework.da
ta.web.PageableHandlerM
ethodArgumentResolver',
 'org.springframework.w
eb.servlet.config.annot
ation.WebMvcConfigurer'
 (OnClassCondition)
      - found 
'session' scope (OnWebA
pplicationCondition)
      - @ConditionalOnM
issingBean (types: org.
springframework.data.we
b.PageableHandlerMethod
ArgumentResolver; 
SearchStrategy: all) 
did not find any beans 
(OnBeanCondition)

   DataWebAutoConfigura
tion#pageableCustomizer
 matched:
      - @ConditionalOnM
issingBean (types: org.
springframework.data.we
b.config.PageableHandle
rMethodArgumentResolver
Customizer; 
SearchStrategy: all) 
did not find any beans 
(OnBeanCondition)

   DataWebAutoConfigura
tion#sortCustomizer 
matched:
      - @ConditionalOnM
issingBean (types: org.
springframework.data.we
b.config.SortHandlerMet
hodArgumentResolverCust
omizer; 
SearchStrategy: all) 
did not find any beans 
(OnBeanCondition)

   DataWebAutoConfigura
tion#springDataWebSetti
ngs matched:
      - @ConditionalOnM
issingBean (types: org.
springframework.data.we
b.config.SpringDataWebS
ettings; 
SearchStrategy: all) 
did not find any beans 
(OnBeanCondition)

   DispatcherServletAut
oConfiguration matched:
      - 
@ConditionalOnClass 
found required class 'o
rg.springframework.web.
servlet.DispatcherServl
et' (OnClassCondition)
      - found 
'session' scope (OnWebA
pplicationCondition)

   DispatcherServletAut
oConfiguration.Dispatch
erServletConfiguration 
matched:
      - 
@ConditionalOnClass 
found required class 'j
akarta.servlet.ServletR
egistration' 
(OnClassCondition)
      - Default 
DispatcherServlet did 
not find dispatcher 
servlet beans (Dispatch
erServletAutoConfigurat
ion.DefaultDispatcherSe
rvletCondition)

   DispatcherServletAut
oConfiguration.Dispatch
erServletRegistrationCo
nfiguration matched:
      - 
@ConditionalOnClass 
found required class 'j
akarta.servlet.ServletR
egistration' 
(OnClassCondition)
      - 
DispatcherServlet 
Registration did not 
find servlet 
registration bean (Disp
atcherServletAutoConfig
uration.DispatcherServl
etRegistrationCondition
)

   DispatcherServletAut
oConfiguration.Dispatch
erServletRegistrationCo
nfiguration#dispatcherS
ervletRegistration 
matched:
      - 
@ConditionalOnBean 
(names: 
dispatcherServlet 
types: org.springframew
ork.web.servlet.Dispatc
herServlet; 
SearchStrategy: all) 
found bean 
'dispatcherServlet' 
(OnBeanCondition)

   ErrorMvcAutoConfigur
ation matched:
      - 
@ConditionalOnClass 
found required classes 
'jakarta.servlet.Servle
t', 'org.springframewor
k.web.servlet.Dispatche
rServlet' 
(OnClassCondition)
      - found 
'session' scope (OnWebA
pplicationCondition)

   ErrorMvcAutoConfigur
ation#basicErrorControl
ler matched:
      - @ConditionalOnM
issingBean (types: org.
springframework.boot.we
bmvc.error.ErrorControl
ler; SearchStrategy: 
current) did not find 
any beans 
(OnBeanCondition)

   ErrorMvcAutoConfigur
ation#errorAttributes 
matched:
      - @ConditionalOnM
issingBean (types: org.
springframework.boot.we
bmvc.error.ErrorAttribu
tes; SearchStrategy: 
current) did not find 
any beans 
(OnBeanCondition)

   ErrorMvcAutoConfigur
ation.DefaultErrorViewR
esolverConfiguration#co
nventionErrorViewResolv
er matched:
      - 
@ConditionalOnBean 
(types: org.springframe
work.web.servlet.Dispat
cherServlet; 
SearchStrategy: all) 
found bean 
'dispatcherServlet'; @C
onditionalOnMissingBean
 (types: org.springfram
ework.boot.webmvc.autoc
onfigure.error.ErrorVie
wResolver; 
SearchStrategy: all) 
did not find any beans 
(OnBeanCondition)

   ErrorMvcAutoConfigur
ation.WhitelabelErrorVi
ewConfiguration 
matched:
      - @ConditionalOnB
ooleanProperty (spring.
web.error.whitelabel.en
abled=true) matched 
(OnPropertyCondition)
      - ErrorTemplate 
Missing did not find 
error template view (Er
rorMvcAutoConfiguration
.ErrorTemplateMissingCo
ndition)

   ErrorMvcAutoConfigur
ation.WhitelabelErrorVi
ewConfiguration#beanNam
eViewResolver matched:
      - @ConditionalOnM
issingBean (types: org.
springframework.web.ser
vlet.view.BeanNameViewR
esolver; 
SearchStrategy: all) 
did not find any beans 
(OnBeanCondition)

   ErrorMvcAutoConfigur
ation.WhitelabelErrorVi
ewConfiguration#default
ErrorView matched:
      - @ConditionalOnM
issingBean (names: 
error; SearchStrategy: 
all) did not find any 
beans (OnBeanCondition)

   H2ConsoleAutoConfigu
ration matched:
      - 
@ConditionalOnClass 
found required class 'o
rg.h2.server.web.Jakart
aWebServlet' 
(OnClassCondition)
      - found 
'session' scope (OnWebA
pplicationCondition)
      - @ConditionalOnB
ooleanProperty (spring.
h2.console.enabled=true
) matched 
(OnPropertyCondition)

   HibernateJpaAutoConf
iguration matched:
      - 
@ConditionalOnClass 
found required classes 
'org.springframework.or
m.jpa.LocalContainerEnt
ityManagerFactoryBean',
 'jakarta.persistence.E
ntityManager', 'org.hib
ernate.engine.spi.Sessi
onImplementor' 
(OnClassCondition)

   HibernateJpaConfigur
ation matched:
      - @ConditionalOnS
ingleCandidate (types: 
javax.sql.DataSource; 
SearchStrategy: all) 
found a single bean 
'dataSource' 
(OnBeanCondition)

   HttpEncodingAutoConf
iguration matched:
      - 
@ConditionalOnClass 
found required class 'o
rg.springframework.web.
filter.CharacterEncodin
gFilter' 
(OnClassCondition)
      - found 
'session' scope (OnWebA
pplicationCondition)
      - @ConditionalOnB
ooleanProperty (spring.
servlet.encoding.enable
d=true) matched 
(OnPropertyCondition)

   HttpEncodingAutoConf
iguration#characterEnco
dingFilter matched:
      - @ConditionalOnM
issingBean (types: org.
springframework.web.fil
ter.CharacterEncodingFi
lter; SearchStrategy: 
all) did not find any 
beans (OnBeanCondition)

   HttpMessageConverter
sAutoConfiguration 
matched:
      - 
@ConditionalOnClass 
found required class 'o
rg.springframework.http
.converter.HttpMessageC
onverter' 
(OnClassCondition)
      - 
NoneNestedConditions 0 
matched 1 did not; 
NestedCondition on Http
MessageConvertersAutoCo
nfiguration.NotReactive
WebApplicationCondition
.ReactiveWebApplication
 did not find reactive 
web application 
classes (HttpMessageCon
vertersAutoConfiguratio
n.NotReactiveWebApplica
tionCondition)

   HttpMessageConverter
sAutoConfiguration.Stri
ngHttpMessageConverterC
onfiguration#stringHttp
MessageConvertersCustom
izer matched:
      - @ConditionalOnM
issingBean (types: org.
springframework.http.co
nverter.StringHttpMessa
geConverter; 
SearchStrategy: all) 
did not find any beans 
(OnBeanCondition)

   JacksonAutoConfigura
tion matched:
      - 
@ConditionalOnClass 
found required class 't
ools.jackson.databind.j
son.JsonMapper' 
(OnClassCondition)

   JacksonAutoConfigura
tion#jacksonJsonMapper 
matched:
      - @ConditionalOnM
issingBean (types: tool
s.jackson.databind.json
.JsonMapper; 
SearchStrategy: all) 
did not find any beans 
(OnBeanCondition)

   JacksonAutoConfigura
tion#jsonMapperBuilder 
matched:
      - @ConditionalOnM
issingBean (types: tool
s.jackson.databind.json
.JsonMapper$Builder; 
SearchStrategy: all) 
did not find any beans 
(OnBeanCondition)

   JacksonAutoConfigura
tion.JsonProblemDetails
Configuration matched:
      - 
@ConditionalOnClass 
found required class 'o
rg.springframework.http
.ProblemDetail' 
(OnClassCondition)

   JacksonHttpMessageCo
nvertersConfiguration.J
acksonJsonHttpMessageCo
nverterConfiguration 
matched:
      - 
@ConditionalOnClass 
found required class 't
ools.jackson.databind.j
son.JsonMapper' 
(OnClassCondition)
      - 
@ConditionalOnProperty 
(spring.http.converters
.preferred-json-mapper=
jackson) matched 
(OnPropertyCondition)
      - 
@ConditionalOnBean 
(types: tools.jackson.d
atabind.json.JsonMapper
; SearchStrategy: all) 
found bean 
'jacksonJsonMapper' 
(OnBeanCondition)

   JacksonHttpMessageCo
nvertersConfiguration.J
acksonJsonHttpMessageCo
nverterConfiguration#ja
cksonJsonHttpMessageCon
vertersCustomizer 
matched:
      - @ConditionalOnM
issingBean (types: org.
springframework.http.co
nverter.json.JacksonJso
nHttpMessageConverter 
ignored: org.springfram
ework.hateoas.server.mv
c.TypeConstrainedJackso
nJsonHttpMessageConvert
er,org.springframework.
data.rest.webmvc.alps.A
lpsJacksonJsonHttpMessa
geConverter; 
SearchStrategy: all) 
did not find any beans 
(OnBeanCondition)

   JdbcClientAutoConfig
uration matched:
      - @ConditionalOnS
ingleCandidate (types: 
org.springframework.jdb
c.core.namedparam.Named
ParameterJdbcTemplate; 
SearchStrategy: all) 
found a single bean 'na
medParameterJdbcTemplat
e'; @ConditionalOnMissi
ngBean (types: org.spri
ngframework.jdbc.core.s
imple.JdbcClient; 
SearchStrategy: all) 
did not find any beans 
(OnBeanCondition)

   JdbcTemplateAutoConf
iguration matched:
      - 
@ConditionalOnClass 
found required classes 
'javax.sql.DataSource',
 'org.springframework.j
dbc.core.JdbcTemplate' 
(OnClassCondition)
      - @ConditionalOnS
ingleCandidate (types: 
javax.sql.DataSource; 
SearchStrategy: all) 
found a single bean 
'dataSource' 
(OnBeanCondition)

   JdbcTemplateConfigur
ation matched:
      - @ConditionalOnM
issingBean (types: org.
springframework.jdbc.co
re.JdbcOperations; 
SearchStrategy: all) 
did not find any beans 
(OnBeanCondition)

   JpaBaseConfiguration
#entityManagerFactory 
matched:
      - @ConditionalOnM
issingBean (types: org.
springframework.orm.jpa
.LocalContainerEntityMa
nagerFactoryBean,jakart
a.persistence.EntityMan
agerFactory; 
SearchStrategy: all) 
did not find any beans 
(OnBeanCondition)

   JpaBaseConfiguration
#entityManagerFactoryBu
ilder matched:
      - @ConditionalOnM
issingBean (types: org.
springframework.boot.jp
a.EntityManagerFactoryB
uilder; 
SearchStrategy: all) 
did not find any beans 
(OnBeanCondition)

   JpaBaseConfiguration
#jpaVendorAdapter 
matched:
      - @ConditionalOnM
issingBean (types: org.
springframework.orm.jpa
.JpaVendorAdapter; 
SearchStrategy: all) 
did not find any beans 
(OnBeanCondition)

   JpaBaseConfiguration
#transactionManager 
matched:
      - @ConditionalOnM
issingBean (types: org.
springframework.transac
tion.TransactionManager
; SearchStrategy: all) 
did not find any beans 
(OnBeanCondition)

   JpaBaseConfiguration
.JpaWebConfiguration 
matched:
      - 
@ConditionalOnClass 
found required class 'o
rg.springframework.web.
servlet.config.annotati
on.WebMvcConfigurer' 
(OnClassCondition)
      - found 
'session' scope (OnWebA
pplicationCondition)
      - @ConditionalOnB
ooleanProperty (spring.
jpa.open-in-view=true) 
matched 
(OnPropertyCondition)
      - @ConditionalOnM
issingBean (types: org.
springframework.orm.jpa
.support.OpenEntityMana
gerInViewInterceptor,or
g.springframework.orm.j
pa.support.OpenEntityMa
nagerInViewFilter; 
SearchStrategy: all) 
did not find any beans 
(OnBeanCondition)

   JpaBaseConfiguration
.PersistenceManagedType
sConfiguration matched:
      - @ConditionalOnM
issingBean (types: org.
springframework.orm.jpa
.LocalContainerEntityMa
nagerFactoryBean,jakart
a.persistence.EntityMan
agerFactory; 
SearchStrategy: all) 
did not find any beans 
(OnBeanCondition)

   JpaBaseConfiguration
.PersistenceManagedType
sConfiguration#persiste
nceManagedTypes 
matched:
      - @ConditionalOnM
issingBean (types: org.
springframework.orm.jpa
.persistenceunit.Persis
tenceManagedTypes; 
SearchStrategy: all) 
did not find any beans 
(OnBeanCondition)

   
JtaAutoConfiguration 
matched:
      - 
@ConditionalOnClass 
found required class 'j
akarta.transaction.Tran
saction' 
(OnClassCondition)
      - @ConditionalOnB
ooleanProperty (spring.
jta.enabled=true) 
matched 
(OnPropertyCondition)

   LifecycleAutoConfigu
ration#defaultLifecycle
Processor matched:
      - @ConditionalOnM
issingBean (names: 
lifecycleProcessor; 
SearchStrategy: 
current) did not find 
any beans 
(OnBeanCondition)

   MultipartAutoConfigu
ration matched:
      - 
@ConditionalOnClass 
found required classes 
'jakarta.servlet.Servle
t', 'org.springframewor
k.web.multipart.support
.StandardServletMultipa
rtResolver', 'jakarta.s
ervlet.MultipartConfigE
lement' 
(OnClassCondition)
      - found 
'session' scope (OnWebA
pplicationCondition)
      - @ConditionalOnB
ooleanProperty (spring.
servlet.multipart.enabl
ed=true) matched 
(OnPropertyCondition)

   MultipartAutoConfigu
ration#multipartConfigE
lement matched:
      - @ConditionalOnM
issingBean (types: jaka
rta.servlet.MultipartCo
nfigElement; 
SearchStrategy: all) 
did not find any beans 
(OnBeanCondition)

   MultipartAutoConfigu
ration#multipartResolve
r matched:
      - @ConditionalOnM
issingBean (types: org.
springframework.web.mul
tipart.MultipartResolve
r; SearchStrategy: 
all) did not find any 
beans (OnBeanCondition)

   NamedParameterJdbcTe
mplateConfiguration 
matched:
      - @ConditionalOnS
ingleCandidate (types: 
org.springframework.jdb
c.core.JdbcTemplate; 
SearchStrategy: all) 
found a single bean 
'jdbcTemplate'; @Condit
ionalOnMissingBean 
(types: org.springframe
work.jdbc.core.namedpar
am.NamedParameterJdbcOp
erations; 
SearchStrategy: all) 
did not find any beans 
(OnBeanCondition)

   PersistenceException
TranslationAutoConfigur
ation matched:
      - 
@ConditionalOnClass 
found required class 'o
rg.springframework.dao.
annotation.PersistenceE
xceptionTranslationPost
Processor' 
(OnClassCondition)

   PersistenceException
TranslationAutoConfigur
ation#persistenceExcept
ionTranslationPostProce
ssor matched:
      - @ConditionalOnB
ooleanProperty (spring.
persistence.exceptiontr
anslation.enabled=true)
 matched 
(OnPropertyCondition)
      - @ConditionalOnM
issingBean (types: org.
springframework.dao.ann
otation.PersistenceExce
ptionTranslationPostPro
cessor; 
SearchStrategy: all) 
did not find any beans 
(OnBeanCondition)

   PropertyPlaceholderA
utoConfiguration#proper
tySourcesPlaceholderCon
figurer matched:
      - @ConditionalOnM
issingBean (types: org.
springframework.context
.support.PropertySource
sPlaceholderConfigurer;
 SearchStrategy: 
current) did not find 
any beans 
(OnBeanCondition)

   SimpleCacheConfigura
tion matched:
      - Cache org.sprin
gframework.boot.cache.a
utoconfigure.SimpleCach
eConfiguration 
automatic cache type 
(CacheCondition)
      - @ConditionalOnM
issingBean (types: org.
springframework.cache.C
acheManager; 
SearchStrategy: all) 
did not find any beans 
(OnBeanCondition)

   SslAutoConfiguration
#sslBundleRegistry 
matched:
      - @ConditionalOnM
issingBean (types: org.
springframework.boot.ss
l.SslBundleRegistry,org
.springframework.boot.s
sl.SslBundles; 
SearchStrategy: all) 
did not find any beans 
(OnBeanCondition)

   TaskExecutionAutoCon
figuration matched:
      - 
@ConditionalOnClass 
found required class 'o
rg.springframework.sche
duling.concurrent.Threa
dPoolTaskExecutor' 
(OnClassCondition)

   TaskExecutorConfigur
ations.AsyncConfigurerC
onfiguration matched:
      - @ConditionalOnM
issingBean (types: org.
springframework.schedul
ing.annotation.AsyncCon
figurer; 
SearchStrategy: all) 
did not find any beans 
(OnBeanCondition)

   TaskExecutorConfigur
ations.SimpleAsyncTaskE
xecutorBuilderConfigura
tion#simpleAsyncTaskExe
cutorBuilder matched:
      - @ConditionalOnM
issingBean (types: org.
springframework.boot.ta
sk.SimpleAsyncTaskExecu
torBuilder; 
SearchStrategy: all) 
did not find any beans 
(OnBeanCondition)
      - @ConditionalOnT
hreading found 
PLATFORM 
(OnThreadingCondition)

   TaskExecutorConfigur
ations.TaskExecutorConf
iguration matched:
      - 
AnyNestedCondition 1 
matched 1 did not; 
NestedCondition on Task
ExecutorConfigurations.
OnExecutorCondition.Mod
elCondition 
@ConditionalOnProperty 
(spring.task.execution.
mode=force) did not 
find property 'spring.t
ask.execution.mode'; 
NestedCondition on Task
ExecutorConfigurations.
OnExecutorCondition.Exe
cutorBeanCondition @Con
ditionalOnMissingBean 
(types: java.util.concu
rrent.Executor; 
SearchStrategy: all) 
did not find any beans 
(TaskExecutorConfigurat
ions.OnExecutorConditio
n)

   TaskExecutorConfigur
ations.TaskExecutorConf
iguration#applicationTa
skExecutor matched:
      - @ConditionalOnT
hreading found 
PLATFORM 
(OnThreadingCondition)

   TaskExecutorConfigur
ations.ThreadPoolTaskEx
ecutorBuilderConfigurat
ion#threadPoolTaskExecu
torBuilder matched:
      - @ConditionalOnM
issingBean (types: org.
springframework.boot.ta
sk.ThreadPoolTaskExecut
orBuilder; 
SearchStrategy: all) 
did not find any beans 
(OnBeanCondition)

   TaskSchedulingAutoCo
nfiguration matched:
      - 
@ConditionalOnClass 
found required class 'o
rg.springframework.sche
duling.concurrent.Threa
dPoolTaskScheduler' 
(OnClassCondition)

   TaskSchedulingConfig
urations.SimpleAsyncTas
kSchedulerBuilderConfig
uration#simpleAsyncTask
SchedulerBuilder 
matched:
      - @ConditionalOnM
issingBean (types: org.
springframework.boot.ta
sk.SimpleAsyncTaskSched
ulerBuilder; 
SearchStrategy: all) 
did not find any beans 
(OnBeanCondition)
      - @ConditionalOnT
hreading found 
PLATFORM 
(OnThreadingCondition)

   TaskSchedulingConfig
urations.ThreadPoolTask
SchedulerBuilderConfigu
ration#threadPoolTaskSc
hedulerBuilder matched:
      - @ConditionalOnM
issingBean (types: org.
springframework.boot.ta
sk.ThreadPoolTaskSchedu
lerBuilder; 
SearchStrategy: all) 
did not find any beans 
(OnBeanCondition)

   TomcatServletWebServ
erAutoConfiguration 
matched:
      - 
@ConditionalOnClass 
found required classes 
'jakarta.servlet.Servle
tRequest', 'org.apache.
catalina.startup.Tomcat
', 'org.apache.coyote.U
pgradeProtocol', 'org.s
pringframework.boot.tom
cat.servlet.TomcatServl
etWebServerFactory' 
(OnClassCondition)
      - found 
'session' scope (OnWebA
pplicationCondition)

   TomcatServletWebServ
erAutoConfiguration#tom
catServletWebServerFact
ory matched:
      - @ConditionalOnM
issingBean (types: org.
springframework.boot.we
b.server.servlet.Servle
tWebServerFactory; 
SearchStrategy: 
current) did not find 
any beans 
(OnBeanCondition)

   TransactionAutoConfi
guration matched:
      - 
@ConditionalOnClass 
found required class 'o
rg.springframework.tran
saction.PlatformTransac
tionManager' 
(OnClassCondition)

   TransactionAutoConfi
guration.EnableTransact
ionManagementConfigurat
ion matched:
      - 
@ConditionalOnBean 
(types: org.springframe
work.transaction.Transa
ctionManager; 
SearchStrategy: all) 
found bean 
'transactionManager'; @
ConditionalOnMissingBea
n (types: org.springfra
mework.transaction.anno
tation.AbstractTransact
ionManagementConfigurat
ion; SearchStrategy: 
all) did not find any 
beans (OnBeanCondition)

   TransactionAutoConfi
guration.EnableTransact
ionManagementConfigurat
ion.CglibAutoProxyConfi
guration matched:
      - @ConditionalOnB
ooleanProperty (spring.
aop.proxy-target-class=
true) matched 
(OnPropertyCondition)

   TransactionAutoConfi
guration.TransactionTem
plateConfiguration 
matched:
      - @ConditionalOnS
ingleCandidate (types: 
org.springframework.tra
nsaction.PlatformTransa
ctionManager; 
SearchStrategy: all) 
found a single bean 
'transactionManager' 
(OnBeanCondition)

   TransactionAutoConfi
guration.TransactionTem
plateConfiguration#tran
sactionTemplate 
matched:
      - @ConditionalOnM
issingBean (types: org.
springframework.transac
tion.support.Transactio
nOperations; 
SearchStrategy: all) 
did not find any beans 
(OnBeanCondition)

   TransactionManagerCu
stomizationAutoConfigur
ation matched:
      - 
@ConditionalOnClass 
found required class 'o
rg.springframework.tran
saction.PlatformTransac
tionManager' 
(OnClassCondition)

   TransactionManagerCu
stomizationAutoConfigur
ation#platformTransacti
onManagerCustomizers 
matched:
      - @ConditionalOnM
issingBean (types: org.
springframework.boot.tr
ansaction.autoconfigure
.TransactionManagerCust
omizers; 
SearchStrategy: all) 
did not find any beans 
(OnBeanCondition)

   ValidationAutoConfig
uration matched:
      - 
@ConditionalOnClass 
found required class 'j
akarta.validation.execu
table.ExecutableValidat
or' (OnClassCondition)
      - 
@ConditionalOnResource 
found location classpat
h:META-INF/services/jak
arta.validation.spi.Val
idationProvider 
(OnResourceCondition)

   ValidationAutoConfig
uration#defaultValidato
r matched:
      - @ConditionalOnM
issingBean (types: jaka
rta.validation.Validato
r; SearchStrategy: 
all) did not find any 
beans (OnBeanCondition)

   ValidationAutoConfig
uration#methodValidatio
nPostProcessor matched:
      - @ConditionalOnM
issingBean (types: org.
springframework.validat
ion.beanvalidation.Meth
odValidationPostProcess
or; SearchStrategy: 
current) did not find 
any beans 
(OnBeanCondition)

   WebMvcAutoConfigurat
ion matched:
      - 
@ConditionalOnClass 
found required classes 
'jakarta.servlet.Servle
t', 'org.springframewor
k.web.servlet.Dispatche
rServlet', 'org.springf
ramework.web.servlet.co
nfig.annotation.WebMvcC
onfigurer' 
(OnClassCondition)
      - found 
'session' scope (OnWebA
pplicationCondition)
      - @ConditionalOnM
issingBean (types: org.
springframework.web.ser
vlet.config.annotation.
WebMvcConfigurationSupp
ort; SearchStrategy: 
all) did not find any 
beans (OnBeanCondition)

   WebMvcAutoConfigurat
ion#formContentFilter 
matched:
      - @ConditionalOnB
ooleanProperty (spring.
mvc.formcontent.filter.
enabled=true) matched 
(OnPropertyCondition)
      - @ConditionalOnM
issingBean (types: org.
springframework.web.fil
ter.FormContentFilter; 
SearchStrategy: all) 
did not find any beans 
(OnBeanCondition)

   WebMvcAutoConfigurat
ion.EnableWebMvcConfigu
ration#flashMapManager 
matched:
      - @ConditionalOnM
issingBean (names: 
flashMapManager; 
SearchStrategy: all) 
did not find any beans 
(OnBeanCondition)

   WebMvcAutoConfigurat
ion.EnableWebMvcConfigu
ration#localeResolver 
matched:
      - @ConditionalOnM
issingBean (names: 
localeResolver; 
SearchStrategy: all) 
did not find any beans 
(OnBeanCondition)

   WebMvcAutoConfigurat
ion.EnableWebMvcConfigu
ration#viewNameTranslat
or matched:
      - @ConditionalOnM
issingBean (names: 
viewNameTranslator; 
SearchStrategy: all) 
did not find any beans 
(OnBeanCondition)

   WebMvcAutoConfigurat
ion.WebMvcAutoConfigura
tionAdapter#defaultView
Resolver matched:
      - @ConditionalOnM
issingBean (types: org.
springframework.web.ser
vlet.view.InternalResou
rceViewResolver; 
SearchStrategy: all) 
did not find any beans 
(OnBeanCondition)

   WebMvcAutoConfigurat
ion.WebMvcAutoConfigura
tionAdapter#requestCont
extFilter matched:
      - @ConditionalOnM
issingBean (types: org.
springframework.web.con
text.request.RequestCon
textListener,org.spring
framework.web.filter.Re
questContextFilter; 
SearchStrategy: all) 
did not find any beans 
(OnBeanCondition)

   WebMvcAutoConfigurat
ion.WebMvcAutoConfigura
tionAdapter#viewResolve
r matched:
      - 
@ConditionalOnBean 
(types: org.springframe
work.web.servlet.ViewRe
solver; 
SearchStrategy: all) 
found beans 
'defaultViewResolver', 
'beanNameViewResolver',
 'mvcViewResolver'; @Co
nditionalOnMissingBean 
(names: viewResolver 
types: org.springframew
ork.web.servlet.view.Co
ntentNegotiatingViewRes
olver; SearchStrategy: 
all) did not find any 
beans (OnBeanCondition)


Negative matches:
-----------------

   AopAutoConfiguration
.AspectJAutoProxyingCon
figuration.JdkDynamicAu
toProxyConfiguration:
      Did not match:
         - @Conditional
OnBooleanProperty (spri
ng.aop.proxy-target-cla
ss=false) did not find 
property 'spring.aop.pr
oxy-target-class' 
(OnPropertyCondition)

   AopAutoConfiguration
.ClassProxyingConfigura
tion:
      Did not match:
         - @Conditional
OnMissingClass found 
unwanted class 'org.asp
ectj.weaver.Advice' 
(OnClassCondition)

   Cache2kCacheConfigur
ation:
      Did not match:
         - 
@ConditionalOnClass 
did not find required 
class 'org.cache2k.Cach
e2kBuilder' 
(OnClassCondition)

   CacheMetricsAutoConf
iguration:
      Did not match:
         - 
@ConditionalOnClass 
did not find required 
class 'io.micrometer.co
re.instrument.MeterRegi
stry' 
(OnClassCondition)

   CachesEndpointAutoCo
nfiguration:
      Did not match:
         - 
@ConditionalOnClass 
did not find required 
class 'org.springframew
ork.boot.actuate.autoco
nfigure.endpoint.condit
ion.ConditionalOnAvaila
bleEndpoint' 
(OnClassCondition)

   CaffeineCacheConfigu
ration:
      Did not match:
         - 
@ConditionalOnClass 
did not find required 
class 'com.github.benma
nes.caffeine.cache.Caff
eine' 
(OnClassCondition)

   CouchbaseCacheConfig
uration:
      Did not match:
         - 
@ConditionalOnClass 
did not find required 
class 'com.couchbase.cl
ient.java.Cluster' 
(OnClassCondition)

   DataJpaRepositoriesA
utoConfiguration#entity
ManagerFactoryBootstrap
ExecutorCustomizer:
      Did not match:
         - 
AnyNestedCondition 0 
matched 2 did not; 
NestedCondition on Data
JpaRepositoriesAutoConf
iguration.BootstrapExec
utorCondition.LazyBoots
trapMode 
@ConditionalOnProperty 
(spring.data.jpa.reposi
tories.bootstrap-mode=l
azy) did not find 
property 'spring.data.j
pa.repositories.bootstr
ap-mode'; 
NestedCondition on Data
JpaRepositoriesAutoConf
iguration.BootstrapExec
utorCondition.DeferredB
ootstrapMode 
@ConditionalOnProperty 
(spring.data.jpa.reposi
tories.bootstrap-mode=d
eferred) did not find 
property 'spring.data.j
pa.repositories.bootstr
ap-mode' (DataJpaReposi
toriesAutoConfiguration
.BootstrapExecutorCondi
tion)

   DataRepositoryMetric
sAutoConfiguration:
      Did not match:
         - 
@ConditionalOnBean did 
not find required type 
'io.micrometer.core.ins
trument.MeterRegistry' 
(OnBeanCondition)

   DataSourceAutoConfig
uration.EmbeddedDatabas
eConfiguration:
      Did not match:
         - 
EmbeddedDataSource 
spring.datasource.url 
is set (DataSourceAutoC
onfiguration.EmbeddedDa
tabaseCondition)

   DataSourceCheckpoint
RestoreConfiguration:
      Did not match:
         - 
@ConditionalOnClass 
did not find required 
class 
'org.crac.Resource' 
(OnClassCondition)

   DataSourceConfigurat
ion.Dbcp2:
      Did not match:
         - 
@ConditionalOnClass 
did not find required 
class 'org.apache.commo
ns.dbcp2.BasicDataSourc
e' (OnClassCondition)

   DataSourceConfigurat
ion.Generic:
      Did not match:
         - 
@ConditionalOnProperty 
(spring.datasource.type
) did not find 
property 'spring.dataso
urce.type' 
(OnPropertyCondition)

   DataSourceConfigurat
ion.OracleUcp:
      Did not match:
         - 
@ConditionalOnClass 
did not find required 
classes 'oracle.ucp.jdb
c.PoolDataSourceImpl', 
'oracle.jdbc.OracleConn
ection' 
(OnClassCondition)

   DataSourceConfigurat
ion.Tomcat:
      Did not match:
         - 
@ConditionalOnClass 
did not find required 
class 'org.apache.tomca
t.jdbc.pool.DataSource'
 (OnClassCondition)

   DataSourceHealthCont
ributorAutoConfiguratio
n:
      Did not match:
         - 
@ConditionalOnClass 
did not find required 
class 'org.springframew
ork.boot.health.autocon
figure.contributor.Cond
itionalOnEnabledHealthI
ndicator' 
(OnClassCondition)

   DataSourceJmxConfigu
ration:
      Did not match:
         - @Conditional
OnBooleanProperty (spri
ng.jmx.enabled=true) 
found different value 
in property 
'spring.jmx.enabled' 
(OnPropertyCondition)

   DataSourcePoolMetada
taProvidersConfiguratio
n.CommonsDbcp2PoolDataS
ourceMetadataProviderCo
nfiguration:
      Did not match:
         - 
@ConditionalOnClass 
did not find required 
class 'org.apache.commo
ns.dbcp2.BasicDataSourc
e' (OnClassCondition)

   DataSourcePoolMetada
taProvidersConfiguratio
n.OracleUcpPoolDataSour
ceMetadataProviderConfi
guration:
      Did not match:
         - 
@ConditionalOnClass 
did not find required 
classes 'oracle.ucp.jdb
c.PoolDataSource', 'ora
cle.jdbc.OracleConnecti
on' (OnClassCondition)

   DataSourcePoolMetada
taProvidersConfiguratio
n.TomcatDataSourcePoolM
etadataProviderConfigur
ation:
      Did not match:
         - 
@ConditionalOnClass 
did not find required 
class 'org.apache.tomca
t.jdbc.pool.DataSource'
 (OnClassCondition)

   DataSourcePoolMetric
sAutoConfiguration:
      Did not match:
         - 
@ConditionalOnClass 
did not find required 
class 'io.micrometer.co
re.instrument.MeterRegi
stry' 
(OnClassCondition)

   DataSourceTransactio
nManagerAutoConfigurati
on.JdbcTransactionManag
erConfiguration#transac
tionManager:
      Did not match:
         - @Conditional
OnMissingBean (types: o
rg.springframework.tran
saction.TransactionMana
ger; SearchStrategy: 
all) found beans of 
type 'org.springframewo
rk.transaction.Transact
ionManager' 
transactionManager 
(OnBeanCondition)

   DispatcherServletAut
oConfiguration.Dispatch
erServletConfiguration#
multipartResolver:
      Did not match:
         - 
@ConditionalOnBean 
(types: org.springframe
work.web.multipart.Mult
ipartResolver; 
SearchStrategy: all) 
did not find any beans 
of type org.springframe
work.web.multipart.Mult
ipartResolver 
(OnBeanCondition)

   GenericCacheConfigur
ation:
      Did not match:
         - 
@ConditionalOnBean 
(types: org.springframe
work.cache.Cache; 
SearchStrategy: all) 
did not find any beans 
of type org.springframe
work.cache.Cache 
(OnBeanCondition)
      Matched:
         - Cache org.sp
ringframework.boot.cach
e.autoconfigure.Generic
CacheConfiguration 
automatic cache type 
(CacheCondition)

   GsonHttpMessageConve
rtersConfiguration:
      Did not match:
         - 
@ConditionalOnClass 
did not find required 
class 
'com.google.gson.Gson' 
(OnClassCondition)

   HazelcastCacheConfig
uration:
      Did not match:
         - 
@ConditionalOnClass 
did not find required 
class 'com.hazelcast.co
re.HazelcastInstance' 
(OnClassCondition)

   HibernateMetricsAuto
Configuration:
      Did not match:
         - 
@ConditionalOnClass 
did not find required 
class 'io.micrometer.co
re.instrument.MeterRegi
stry' 
(OnClassCondition)

   InfinispanCacheConfi
guration:
      Did not match:
         - 
@ConditionalOnClass 
did not find required 
class 'org.infinispan.s
pring.embedded.provider
.SpringEmbeddedCacheMan
ager' 
(OnClassCondition)

   JCacheCacheConfigura
tion:
      Did not match:
         - 
@ConditionalOnClass 
did not find required 
class 
'javax.cache.Caching' 
(OnClassCondition)

   Jackson2HttpMessageC
onvertersConfiguration.
MappingJackson2HttpMess
ageConverterConfigurati
on:
      Did not match:
         - 
@ConditionalOnClass 
did not find required 
class 'com.fasterxml.ja
ckson.databind.ObjectMa
pper' 
(OnClassCondition)

   Jackson2HttpMessageC
onvertersConfiguration.
MappingJackson2XmlHttpM
essageConverterConfigur
ation:
      Did not match:
         - 
@ConditionalOnClass 
did not find required 
class 'com.fasterxml.ja
ckson.dataformat.xml.Xm
lMapper' 
(OnClassCondition)

   JacksonAutoConfigura
tion.CborConfiguration:
      Did not match:
         - 
@ConditionalOnClass 
did not find required 
class 'tools.jackson.da
taformat.cbor.CBORMappe
r' (OnClassCondition)

   JacksonAutoConfigura
tion.XmlConfiguration:
      Did not match:
         - 
@ConditionalOnClass 
did not find required 
class 'tools.jackson.da
taformat.xml.XmlMapper'
 (OnClassCondition)

   JacksonHttpMessageCo
nvertersConfiguration.J
acksonXmlHttpMessageCon
verterConfiguration:
      Did not match:
         - 
@ConditionalOnClass 
did not find required 
class 'tools.jackson.da
taformat.xml.XmlMapper'
 (OnClassCondition)

   
JmxAutoConfiguration:
      Did not match:
         - @Conditional
OnBooleanProperty (spri
ng.jmx.enabled=true) 
found different value 
in property 
'spring.jmx.enabled' 
(OnPropertyCondition)
      Matched:
         - 
@ConditionalOnClass 
found required class 'o
rg.springframework.jmx.
export.MBeanExporter' 
(OnClassCondition)

   JndiDataSourceAutoCo
nfiguration:
      Did not match:
         - 
@ConditionalOnProperty 
(spring.datasource.jndi
-name) did not find 
property 'spring.dataso
urce.jndi-name' 
(OnPropertyCondition)
      Matched:
         - 
@ConditionalOnClass 
found required classes 
'javax.sql.DataSource',
 'org.springframework.j
dbc.datasource.embedded
.EmbeddedDatabaseType' 
(OnClassCondition)

   
JndiJtaConfiguration:
      Did not match:
         - 
@ConditionalOnJndi 
JNDI environment is 
not available 
(OnJndiCondition)
      Matched:
         - 
@ConditionalOnClass 
found required class 'o
rg.springframework.tran
saction.jta.JtaTransact
ionManager' 
(OnClassCondition)

   JsonbHttpMessageConv
ertersConfiguration:
      Did not match:
         - 
@ConditionalOnClass 
did not find required 
class 'jakarta.json.bin
d.Jsonb' 
(OnClassCondition)

   KotlinSerializationH
ttpMessageConvertersCon
figuration:
      Did not match:
         - 
@ConditionalOnClass 
did not find required 
classes 'kotlinx.serial
ization.Serializable', 
'kotlinx.serialization.
json.Json' 
(OnClassCondition)

   MessageSourceAutoCon
figuration:
      Did not match:
         - 
ResourceBundle did not 
find bundle with 
basename messages (Mess
ageSourceAutoConfigurat
ion.ResourceBundleCondi
tion)

   
NoOpCacheConfiguration:
      Did not match:
         - @Conditional
OnMissingBean (types: o
rg.springframework.cach
e.CacheManager; 
SearchStrategy: all) 
found beans of type 'or
g.springframework.cache
.CacheManager' 
cacheManager 
(OnBeanCondition)
      Matched:
         - Cache org.sp
ringframework.boot.cach
e.autoconfigure.NoOpCac
heConfiguration 
automatic cache type 
(CacheCondition)

   ProjectInfoAutoConfi
guration#buildPropertie
s:
      Did not match:
         - 
@ConditionalOnResource 
did not find resource '
${spring.info.build.loc
ation:classpath:META-IN
F/build-info.properties
}' 
(OnResourceCondition)

   ProjectInfoAutoConfi
guration#gitProperties:
      Did not match:
         - GitResource 
did not find git info 
at classpath:git.proper
ties (ProjectInfoAutoCo
nfiguration.GitResource
AvailableCondition)

   RedisCacheConfigurat
ion:
      Did not match:
         - 
@ConditionalOnClass 
did not find required 
class 'org.springframew
ork.data.redis.connecti
on.RedisConnectionFacto
ry' (OnClassCondition)

   ServletHttpExchanges
AutoConfiguration:
      Did not match:
         - 
@ConditionalOnBean did 
not find required type 
'org.springframework.bo
ot.actuate.web.exchange
s.HttpExchangeRepositor
y' (OnBeanCondition)

   ServletManagementCon
textAutoConfiguration:
      Did not match:
         - 
@ConditionalOnClass 
did not find required 
class 'org.springframew
ork.boot.actuate.autoco
nfigure.endpoint.web.We
bEndpointProperties' 
(OnClassCondition)

   ServletMappingsAutoC
onfiguration:
      Did not match:
         - 
@ConditionalOnClass 
did not find required 
class 'org.springframew
ork.boot.actuate.autoco
nfigure.endpoint.condit
ion.ConditionalOnAvaila
bleEndpoint' 
(OnClassCondition)

   ServletWebServerConf
iguration#forwardedHead
erFilter:
      Did not match:
         - 
@ConditionalOnProperty 
(server.forward-headers
-strategy=framework) 
did not find property '
server.forward-headers-
strategy' 
(OnPropertyCondition)

   SpringApplicationAdm
inJmxAutoConfiguration:
      Did not match:
         - @Conditional
OnBooleanProperty (spri
ng.application.admin.en
abled=true) did not 
find property 'spring.a
pplication.admin.enable
d' 
(OnPropertyCondition)

   TaskExecutorConfigur
ations.AsyncConfigurerW
rapperConfiguration:
      Did not match:
         - 
@ConditionalOnBean 
(types: org.springframe
work.scheduling.annotat
ion.AsyncConfigurer; 
SearchStrategy: all) 
did not find any beans 
of type org.springframe
work.scheduling.annotat
ion.AsyncConfigurer 
(OnBeanCondition)

   TaskExecutorConfigur
ations.SimpleAsyncTaskE
xecutorBuilderConfigura
tion#simpleAsyncTaskExe
cutorBuilderVirtualThre
ads:
      Did not match:
         - @Conditional
OnMissingBean (types: o
rg.springframework.boot
.task.SimpleAsyncTaskEx
ecutorBuilder; 
SearchStrategy: all) 
found beans of type 'or
g.springframework.boot.
task.SimpleAsyncTaskExe
cutorBuilder' simpleAsy
ncTaskExecutorBuilder 
(OnBeanCondition)

   TaskExecutorConfigur
ations.TaskExecutorConf
iguration#applicationTa
skExecutorVirtualThread
s:
      Did not match:
         - @Conditional
OnThreading did not 
find VIRTUAL 
(OnThreadingCondition)

   TaskSchedulingAutoCo
nfiguration#scheduledBe
anLazyInitializationExc
ludeFilter:
      Did not match:
         - 
@ConditionalOnBean 
(names: org.springframe
work.scheduling.config.
internalScheduledAnnota
tionProcessor; 
SearchStrategy: all) 
did not find any beans 
named org.springframewo
rk.scheduling.config.in
ternalScheduledAnnotati
onProcessor 
(OnBeanCondition)
2026-03-03T15:41:21.854+05:30  INFO 4424 --- [           main] .s.b.a.l.ConditionEvaluationReportLogger : 

Error starting ApplicationContext. To display the condition evaluation report re-run your application with 'debug' enabled.
2026-03-03T15:41:21.891+05:30 ERROR 4424 --- [           main] o.s.boot.SpringApplication               : Application run failed

org.springframework.beans.factory.BeanCreationException: Error creating bean with name 'entityManagerFactory' defined in class path resource [org/springframework/boot/hibernate/autoconfigure/HibernateJpaConfiguration.class]: Unable to build Hibernate SessionFactory  [persistence unit: default] ; nested exception is java.lang.IllegalArgumentException: Unrecognized 'hibernate.hbm2ddl.auto' setting: 'always'
	at org.springframework.beans.factory.support.AbstractAutowireCapableBeanFactory.initializeBean(AbstractAutowireCapableBeanFactory.java:1817) ~[spring-beans-7.0.5.jar:7.0.5]
	at org.springframework.beans.factory.support.AbstractAutowireCapableBeanFactory.doCreateBean(AbstractAutowireCapableBeanFactory.java:603) ~[spring-beans-7.0.5.jar:7.0.5]
	at org.springframework.beans.factory.support.AbstractAutowireCapableBeanFactory.createBean(AbstractAutowireCapableBeanFactory.java:525) ~[spring-beans-7.0.5.jar:7.0.5]
	at org.springframework.beans.factory.support.AbstractBeanFactory.lambda$doGetBean$0(AbstractBeanFactory.java:333) ~[spring-beans-7.0.5.jar:7.0.5]
	at org.springframework.beans.factory.support.DefaultSingletonBeanRegistry.getSingleton(DefaultSingletonBeanRegistry.java:371) ~[spring-beans-7.0.5.jar:7.0.5]
	at org.springframework.beans.factory.support.AbstractBeanFactory.doGetBean(AbstractBeanFactory.java:331) ~[spring-beans-7.0.5.jar:7.0.5]
	at org.springframework.beans.factory.support.AbstractBeanFactory.getBean(AbstractBeanFactory.java:201) ~[spring-beans-7.0.5.jar:7.0.5]
	at org.springframework.context.support.AbstractApplicationContext.finishBeanFactoryInitialization(AbstractApplicationContext.java:977) ~[spring-context-7.0.5.jar:7.0.5]
	at org.springframework.context.support.AbstractApplicationContext.refresh(AbstractApplicationContext.java:621) ~[spring-context-7.0.5.jar:7.0.5]
	at org.springframework.boot.SpringApplication.refresh(SpringApplication.java:756) ~[spring-boot-4.0.3.jar:4.0.3]
	at org.springframework.boot.SpringApplication.refreshContext(SpringApplication.java:445) ~[spring-boot-4.0.3.jar:4.0.3]
	at org.springframework.boot.SpringApplication.run(SpringApplication.java:321) ~[spring-boot-4.0.3.jar:4.0.3]
	at org.springframework.boot.test.context.SpringBootContextLoader.lambda$loadContext$2(SpringBootContextLoader.java:156) ~[spring-boot-test-4.0.3.jar:4.0.3]
	at org.springframework.util.function.ThrowingSupplier.get(ThrowingSupplier.java:58) ~[spring-core-7.0.5.jar:7.0.5]
	at org.springframework.util.function.ThrowingSupplier.get(ThrowingSupplier.java:46) ~[spring-core-7.0.5.jar:7.0.5]
	at org.springframework.boot.SpringApplication.withHook(SpringApplication.java:1465) ~[spring-boot-4.0.3.jar:4.0.3]
	at org.springframework.boot.test.context.SpringBootContextLoader$ContextLoaderHook.run(SpringBootContextLoader.java:605) ~[spring-boot-test-4.0.3.jar:4.0.3]
	at org.springframework.boot.test.context.SpringBootContextLoader.loadContext(SpringBootContextLoader.java:156) ~[spring-boot-test-4.0.3.jar:4.0.3]
	at org.springframework.boot.test.context.SpringBootContextLoader.loadContext(SpringBootContextLoader.java:115) ~[spring-boot-test-4.0.3.jar:4.0.3]
	at org.springframework.test.context.cache.DefaultCacheAwareContextLoaderDelegate.loadContextInternal(DefaultCacheAwareContextLoaderDelegate.java:247) ~[spring-test-7.0.5.jar:7.0.5]
	at org.springframework.test.context.cache.DefaultCacheAwareContextLoaderDelegate.lambda$loadContext$0(DefaultCacheAwareContextLoaderDelegate.java:167) ~[spring-test-7.0.5.jar:7.0.5]
	at org.springframework.test.context.cache.DefaultContextCache.put(DefaultContextCache.java:214) ~[spring-test-7.0.5.jar:7.0.5]
	at org.springframework.test.context.cache.DefaultCacheAwareContextLoaderDelegate.loadContext(DefaultCacheAwareContextLoaderDelegate.java:160) ~[spring-test-7.0.5.jar:7.0.5]
	at org.springframework.test.context.support.DefaultTestContext.getApplicationContext(DefaultTestContext.java:128) ~[spring-test-7.0.5.jar:7.0.5]
	at org.springframework.test.context.web.ServletTestExecutionListener.setUpRequestContextIfNecessary(ServletTestExecutionListener.java:200) ~[spring-test-7.0.5.jar:7.0.5]
	at org.springframework.test.context.web.ServletTestExecutionListener.prepareTestInstance(ServletTestExecutionListener.java:139) ~[spring-test-7.0.5.jar:7.0.5]
	at org.springframework.test.context.TestContextManager.prepareTestInstance(TestContextManager.java:260) ~[spring-test-7.0.5.jar:7.0.5]
	at org.springframework.test.context.junit.jupiter.SpringExtension.postProcessTestInstance(SpringExtension.java:210) ~[spring-test-7.0.5.jar:7.0.5]
	at org.junit.jupiter.engine.descriptor.ClassBasedTestDescriptor.lambda$invokeTestInstancePostProcessors$1(ClassBasedTestDescriptor.java:423) ~[junit-jupiter-engine-6.0.3.jar:6.0.3]
	at org.junit.jupiter.engine.descriptor.ClassBasedTestDescriptor.executeAndMaskThrowable(ClassBasedTestDescriptor.java:428) ~[junit-jupiter-engine-6.0.3.jar:6.0.3]
	at org.junit.jupiter.engine.descriptor.ClassBasedTestDescriptor.lambda$invokeTestInstancePostProcessors$0(ClassBasedTestDescriptor.java:422) ~[junit-jupiter-engine-6.0.3.jar:6.0.3]
	at java.base/java.util.stream.ForEachOps$ForEachOp$OfRef.accept(ForEachOps.java:183) ~[na:na]
	at java.base/java.util.stream.ReferencePipeline$3$1.accept(ReferencePipeline.java:197) ~[na:na]
	at java.base/java.util.stream.ReferencePipeline$2$1.accept(ReferencePipeline.java:179) ~[na:na]
	at java.base/java.util.stream.ReferencePipeline$3$1.accept(ReferencePipeline.java:197) ~[na:na]
	at java.base/java.util.ArrayList$ArrayListSpliterator.forEachRemaining(ArrayList.java:1625) ~[na:na]
	at java.base/java.util.stream.AbstractPipeline.copyInto(AbstractPipeline.java:509) ~[na:na]
	at java.base/java.util.stream.AbstractPipeline.wrapAndCopyInto(AbstractPipeline.java:499) ~[na:na]
	at java.base/java.util.stream.ForEachOps$ForEachOp.evaluateSequential(ForEachOps.java:150) ~[na:na]
	at java.base/java.util.stream.ForEachOps$ForEachOp$OfRef.evaluateSequential(ForEachOps.java:173) ~[na:na]
	at java.base/java.util.stream.AbstractPipeline.evaluate(AbstractPipeline.java:234) ~[na:na]
	at java.base/java.util.stream.ReferencePipeline.forEach(ReferencePipeline.java:596) ~[na:na]
	at org.junit.jupiter.engine.descriptor.ClassBasedTestDescriptor.invokeTestInstancePostProcessors(ClassBasedTestDescriptor.java:422) ~[junit-jupiter-engine-6.0.3.jar:6.0.3]
	at org.junit.jupiter.engine.descriptor.ClassBasedTestDescriptor.lambda$instantiateAndPostProcessTestInstance$0(ClassBasedTestDescriptor.java:334) ~[junit-jupiter-engine-6.0.3.jar:6.0.3]
	at org.junit.platform.engine.support.hierarchical.ThrowableCollector.execute(ThrowableCollector.java:74) ~[junit-platform-engine-6.0.3.jar:6.0.3]
	at org.junit.jupiter.engine.descriptor.ClassBasedTestDescriptor.instantiateAndPostProcessTestInstance(ClassBasedTestDescriptor.java:333) ~[junit-jupiter-engine-6.0.3.jar:6.0.3]
	at org.junit.jupiter.engine.descriptor.ClassBasedTestDescriptor.lambda$testInstancesProvider$1(ClassBasedTestDescriptor.java:322) ~[junit-jupiter-engine-6.0.3.jar:6.0.3]
	at java.base/java.util.Optional.orElseGet(Optional.java:364) ~[na:na]
	at org.junit.jupiter.engine.descriptor.ClassBasedTestDescriptor.lambda$testInstancesProvider$0(ClassBasedTestDescriptor.java:321) ~[junit-jupiter-engine-6.0.3.jar:6.0.3]
	at org.junit.jupiter.engine.execution.TestInstancesProvider.getTestInstances(TestInstancesProvider.java:27) ~[junit-jupiter-engine-6.0.3.jar:6.0.3]
	at org.junit.jupiter.engine.descriptor.TestMethodTestDescriptor.lambda$prepare$0(TestMethodTestDescriptor.java:127) ~[junit-jupiter-engine-6.0.3.jar:6.0.3]
	at org.junit.platform.engine.support.hierarchical.ThrowableCollector.execute(ThrowableCollector.java:74) ~[junit-platform-engine-6.0.3.jar:6.0.3]
	at org.junit.jupiter.engine.descriptor.TestMethodTestDescriptor.prepare(TestMethodTestDescriptor.java:126) ~[junit-jupiter-engine-6.0.3.jar:6.0.3]
	at org.junit.jupiter.engine.descriptor.TestMethodTestDescriptor.prepare(TestMethodTestDescriptor.java:70) ~[junit-jupiter-engine-6.0.3.jar:6.0.3]
	at org.junit.platform.engine.support.hierarchical.NodeTestTask.lambda$prepare$0(NodeTestTask.java:144) ~[junit-platform-engine-6.0.3.jar:6.0.3]
	at org.junit.platform.engine.support.hierarchical.ThrowableCollector.execute(ThrowableCollector.java:74) ~[junit-platform-engine-6.0.3.jar:6.0.3]
	at org.junit.platform.engine.support.hierarchical.NodeTestTask.prepare(NodeTestTask.java:144) ~[junit-platform-engine-6.0.3.jar:6.0.3]
	at org.junit.platform.engine.support.hierarchical.NodeTestTask.execute(NodeTestTask.java:110) ~[junit-platform-engine-6.0.3.jar:6.0.3]
	at java.base/java.util.ArrayList.forEach(ArrayList.java:1511) ~[na:na]
	at org.junit.platform.engine.support.hierarchical.SameThreadHierarchicalTestExecutorService.invokeAll(SameThreadHierarchicalTestExecutorService.java:42) ~[junit-platform-engine-6.0.3.jar:6.0.3]
	at org.junit.platform.engine.support.hierarchical.NodeTestTask.lambda$executeRecursively$2(NodeTestTask.java:180) ~[junit-platform-engine-6.0.3.jar:6.0.3]
	at org.junit.platform.engine.support.hierarchical.ThrowableCollector.execute(ThrowableCollector.java:74) ~[junit-platform-engine-6.0.3.jar:6.0.3]
	at org.junit.platform.engine.support.hierarchical.NodeTestTask.lambda$executeRecursively$1(NodeTestTask.java:166) ~[junit-platform-engine-6.0.3.jar:6.0.3]
	at org.junit.platform.engine.support.hierarchical.Node.around(Node.java:138) ~[junit-platform-engine-6.0.3.jar:6.0.3]
	at org.junit.platform.engine.support.hierarchical.NodeTestTask.lambda$executeRecursively$0(NodeTestTask.java:164) ~[junit-platform-engine-6.0.3.jar:6.0.3]
	at org.junit.platform.engine.support.hierarchical.ThrowableCollector.execute(ThrowableCollector.java:74) ~[junit-platform-engine-6.0.3.jar:6.0.3]
	at org.junit.platform.engine.support.hierarchical.NodeTestTask.executeRecursively(NodeTestTask.java:163) ~[junit-platform-engine-6.0.3.jar:6.0.3]
	at org.junit.platform.engine.support.hierarchical.NodeTestTask.execute(NodeTestTask.java:116) ~[junit-platform-engine-6.0.3.jar:6.0.3]
	at java.base/java.util.ArrayList.forEach(ArrayList.java:1511) ~[na:na]
	at org.junit.platform.engine.support.hierarchical.SameThreadHierarchicalTestExecutorService.invokeAll(SameThreadHierarchicalTestExecutorService.java:42) ~[junit-platform-engine-6.0.3.jar:6.0.3]
	at org.junit.platform.engine.support.hierarchical.NodeTestTask.lambda$executeRecursively$2(NodeTestTask.java:180) ~[junit-platform-engine-6.0.3.jar:6.0.3]
	at org.junit.platform.engine.support.hierarchical.ThrowableCollector.execute(ThrowableCollector.java:74) ~[junit-platform-engine-6.0.3.jar:6.0.3]
	at org.junit.platform.engine.support.hierarchical.NodeTestTask.lambda$executeRecursively$1(NodeTestTask.java:166) ~[junit-platform-engine-6.0.3.jar:6.0.3]
	at org.junit.platform.engine.support.hierarchical.Node.around(Node.java:138) ~[junit-platform-engine-6.0.3.jar:6.0.3]
	at org.junit.platform.engine.support.hierarchical.NodeTestTask.lambda$executeRecursively$0(NodeTestTask.java:164) ~[junit-platform-engine-6.0.3.jar:6.0.3]
	at org.junit.platform.engine.support.hierarchical.ThrowableCollector.execute(ThrowableCollector.java:74) ~[junit-platform-engine-6.0.3.jar:6.0.3]
	at org.junit.platform.engine.support.hierarchical.NodeTestTask.executeRecursively(NodeTestTask.java:163) ~[junit-platform-engine-6.0.3.jar:6.0.3]
	at org.junit.platform.engine.support.hierarchical.NodeTestTask.execute(NodeTestTask.java:116) ~[junit-platform-engine-6.0.3.jar:6.0.3]
	at org.junit.platform.engine.support.hierarchical.SameThreadHierarchicalTestExecutorService.submit(SameThreadHierarchicalTestExecutorService.java:36) ~[junit-platform-engine-6.0.3.jar:6.0.3]
	at org.junit.platform.engine.support.hierarchical.HierarchicalTestExecutor.execute(HierarchicalTestExecutor.java:52) ~[junit-platform-engine-6.0.3.jar:6.0.3]
	at org.junit.platform.engine.support.hierarchical.HierarchicalTestEngine.execute(HierarchicalTestEngine.java:58) ~[junit-platform-engine-6.0.3.jar:6.0.3]
	at org.junit.platform.launcher.core.EngineExecutionOrchestrator.executeEngine(EngineExecutionOrchestrator.java:246) ~[junit-platform-launcher-6.0.3.jar:6.0.3]
	at org.junit.platform.launcher.core.EngineExecutionOrchestrator.failOrExecuteEngine(EngineExecutionOrchestrator.java:218) ~[junit-platform-launcher-6.0.3.jar:6.0.3]
	at org.junit.platform.launcher.core.EngineExecutionOrchestrator.execute(EngineExecutionOrchestrator.java:179) ~[junit-platform-launcher-6.0.3.jar:6.0.3]
	at org.junit.platform.launcher.core.EngineExecutionOrchestrator.execute(EngineExecutionOrchestrator.java:108) ~[junit-platform-launcher-6.0.3.jar:6.0.3]
	at org.junit.platform.launcher.core.EngineExecutionOrchestrator.lambda$execute$0(EngineExecutionOrchestrator.java:66) ~[junit-platform-launcher-6.0.3.jar:6.0.3]
	at org.junit.platform.launcher.core.EngineExecutionOrchestrator.withInterceptedStreams(EngineExecutionOrchestrator.java:157) ~[junit-platform-launcher-6.0.3.jar:6.0.3]
	at org.junit.platform.launcher.core.EngineExecutionOrchestrator.execute(EngineExecutionOrchestrator.java:65) ~[junit-platform-launcher-6.0.3.jar:6.0.3]
	at org.junit.platform.launcher.core.DefaultLauncher.execute(DefaultLauncher.java:125) ~[junit-platform-launcher-6.0.3.jar:6.0.3]
	at org.junit.platform.launcher.core.DefaultLauncher.execute(DefaultLauncher.java:114) ~[junit-platform-launcher-6.0.3.jar:6.0.3]
	at org.junit.platform.launcher.core.DelegatingLauncher.execute(DelegatingLauncher.java:58) ~[junit-platform-launcher-6.0.3.jar:6.0.3]
	at org.junit.platform.launcher.core.InterceptingLauncher.lambda$execute$2(InterceptingLauncher.java:57) ~[junit-platform-launcher-6.0.3.jar:6.0.3]
	at org.junit.platform.launcher.core.ClasspathAlignmentCheckingLauncherInterceptor.intercept(ClasspathAlignmentCheckingLauncherInterceptor.java:25) ~[junit-platform-launcher-6.0.3.jar:6.0.3]
	at org.junit.platform.launcher.core.InterceptingLauncher.execute(InterceptingLauncher.java:56) ~[junit-platform-launcher-6.0.3.jar:6.0.3]
	at org.junit.platform.launcher.core.DelegatingLauncher.execute(DelegatingLauncher.java:58) ~[junit-platform-launcher-6.0.3.jar:6.0.3]
	at java.base/jdk.internal.reflect.NativeMethodAccessorImpl.invoke0(Native Method) ~[na:na]
	at java.base/jdk.internal.reflect.NativeMethodAccessorImpl.invoke(NativeMethodAccessorImpl.java:77) ~[na:na]
	at java.base/jdk.internal.reflect.DelegatingMethodAccessorImpl.invoke(DelegatingMethodAccessorImpl.java:43) ~[na:na]
	at java.base/java.lang.reflect.Method.invoke(Method.java:569) ~[na:na]
	at org.apache.maven.surefire.api.util.ReflectionUtils.invokeMethodWithArray(ReflectionUtils.java:125) ~[surefire-api-3.5.4.jar:3.5.4]
	at org.apache.maven.surefire.junitplatform.LauncherAdapter.executeWithCancellationToken(LauncherAdapter.java:68) ~[surefire-junit-platform-3.5.4.jar:3.5.4]
	at org.apache.maven.surefire.junitplatform.LauncherAdapter.execute(LauncherAdapter.java:54) ~[surefire-junit-platform-3.5.4.jar:3.5.4]
	at org.apache.maven.surefire.junitplatform.JUnitPlatformProvider.execute(JUnitPlatformProvider.java:203) ~[surefire-junit-platform-3.5.4.jar:3.5.4]
	at org.apache.maven.surefire.junitplatform.JUnitPlatformProvider.invokeAllTests(JUnitPlatformProvider.java:168) ~[surefire-junit-platform-3.5.4.jar:3.5.4]
	at org.apache.maven.surefire.junitplatform.JUnitPlatformProvider.invoke(JUnitPlatformProvider.java:136) ~[surefire-junit-platform-3.5.4.jar:3.5.4]
	at org.apache.maven.surefire.booter.ForkedBooter.runSuitesInProcess(ForkedBooter.java:385) ~[surefire-booter-3.5.4.jar:3.5.4]
	at org.apache.maven.surefire.booter.ForkedBooter.execute(ForkedBooter.java:162) ~[surefire-booter-3.5.4.jar:3.5.4]
	at org.apache.maven.surefire.booter.ForkedBooter.run(ForkedBooter.java:507) ~[surefire-booter-3.5.4.jar:3.5.4]

   TaskSchedulingConfig
urations.SimpleAsyncTas
kSchedulerBuilderConfig
uration#simpleAsyncTask
SchedulerBuilderVirtual
Threads:
      Did not match:
         - @Conditional
OnMissingBean (types: o
rg.springframework.boot
.task.SimpleAsyncTaskSc
hedulerBuilder; 
SearchStrategy: all) 
found beans of type 'or
g.springframework.boot.
task.SimpleAsyncTaskSch
edulerBuilder' simpleAs
yncTaskSchedulerBuilder
 (OnBeanCondition)

   TaskSchedulingConfig
urations.TaskSchedulerC
onfiguration:
      Did not match:
         - 
@ConditionalOnBean 
(names: org.springframe
work.scheduling.config.
internalScheduledAnnota
tionProcessor; 
SearchStrategy: all) 
did not find any beans 
named org.springframewo
rk.scheduling.config.in
ternalScheduledAnnotati
onProcessor 
(OnBeanCondition)

   TomcatMetricsAutoCon
figuration:
      Did not match:
         - 
@ConditionalOnClass 
did not find required 
class 'io.micrometer.co
re.instrument.binder.to
mcat.TomcatMetrics' 
(OnClassCondition)

   TomcatReactiveManage
mentContextAutoConfigur
ation:
      Did not match:
         - 
@ConditionalOnClass 
did not find required 
class 'org.springframew
ork.boot.actuate.autoco
nfigure.web.server.Mana
gementContextFactory' 
(OnClassCondition)

   TomcatReactiveWebSer
verAutoConfiguration:
      Did not match:
         - @Conditional
OnWebApplication did 
not find reactive web 
application classes (On
WebApplicationCondition
)

   TomcatServletManagem
entContextAutoConfigura
tion:
      Did not match:
         - 
@ConditionalOnClass 
did not find required 
class 'org.springframew
ork.boot.actuate.autoco
nfigure.web.server.Mana
gementContextFactory' 
(OnClassCondition)

   TomcatServletWebServ
erAutoConfiguration#tom
catForwardedHeaderFilte
rCustomizer:
      Did not match:
         - 
@ConditionalOnProperty 
(server.forward-headers
-strategy=framework) 
did not find property '
server.forward-headers-
strategy' 
(OnPropertyCondition)

   TomcatWebServerConfi
guration:
      Did not match:
         - Application 
is deployed as a WAR 
file. (OnWarDeploymentC
ondition)

   TransactionAutoConfi
guration#transactionalO
perator:
      Did not match:
         - @Conditional
OnSingleCandidate 
(types: org.springframe
work.transaction.Reacti
veTransactionManager; 
SearchStrategy: all) 
did not find any beans 
(OnBeanCondition)

   TransactionAutoConfi
guration.AspectJTransac
tionManagementConfigura
tion:
      Did not match:
         - 
@ConditionalOnBean 
(types: org.springframe
work.transaction.aspect
j.AbstractTransactionAs
pect; SearchStrategy: 
all) did not find any 
beans of type org.sprin
gframework.transaction.
aspectj.AbstractTransac
tionAspect 
(OnBeanCondition)

   TransactionAutoConfi
guration.EnableTransact
ionManagementConfigurat
ion.JdkDynamicAutoProxy
Configuration:
      Did not match:
         - @Conditional
OnBooleanProperty (spri
ng.aop.proxy-target-cla
ss=false) did not find 
property 'spring.aop.pr
oxy-target-class' 
(OnPropertyCondition)

   WebMvcAutoConfigurat
ion#hiddenHttpMethodFil
ter:
      Did not match:
         - @Conditional
OnBooleanProperty (spri
ng.mvc.hiddenmethod.fil
ter.enabled=true) did 
not find property 'spri
ng.mvc.hiddenmethod.fil
ter.enabled' 
(OnPropertyCondition)

   WebMvcAutoConfigurat
ion.ProblemDetailsError
HandlingConfiguration:
      Did not match:
         - @Conditional
OnBooleanProperty (spri
ng.mvc.problemdetails.e
nabled=true) did not 
find property 'spring.m
vc.problemdetails.enabl
ed' 
(OnPropertyCondition)

   WebMvcAutoConfigurat
ion.ResourceChainCustom
izerConfiguration:
      Did not match:
         - @Conditional
OnEnabledResourceChain 
did not find class org.
webjars.WebJarVersionLo
cator (OnEnabledResourc
eChainCondition)

   WebMvcAutoConfigurat
ion.WebMvcAutoConfigura
tionAdapter#beanNameVie
wResolver:
      Did not match:
         - @Conditional
OnMissingBean (types: o
rg.springframework.web.
servlet.view.BeanNameVi
ewResolver; 
SearchStrategy: all) 
found beans of type 'or
g.springframework.web.s
ervlet.view.BeanNameVie
wResolver' 
beanNameViewResolver 
(OnBeanCondition)

   WebMvcHealthEndpoint
ExtensionAutoConfigurat
ion:
      Did not match:
         - 
@ConditionalOnClass 
did not find required 
class 'org.springframew
ork.boot.health.actuate
.endpoint.HealthEndpoin
t' (OnClassCondition)

   WebMvcMappingsAutoCo
nfiguration:
      Did not match:
         - 
@ConditionalOnClass 
did not find required 
class 'org.springframew
ork.boot.actuate.autoco
nfigure.endpoint.condit
ion.ConditionalOnAvaila
bleEndpoint' 
(OnClassCondition)

   WebMvcObservationAut
oConfiguration:
      Did not match:
         - 
@ConditionalOnClass 
did not find required 
class 'org.springframew
ork.boot.micrometer.obs
ervation.autoconfigure.
ObservationProperties' 
(OnClassCondition)

   XADataSourceAutoConf
iguration:
      Did not match:
         - 
@ConditionalOnBean 
(types: org.springframe
work.boot.jdbc.XADataSo
urceWrapper; 
SearchStrategy: all) 
did not find any beans 
of type org.springframe
work.boot.jdbc.XADataSo
urceWrapper 
(OnBeanCondition)
      Matched:
         - 
@ConditionalOnClass 
found required classes 
'javax.sql.DataSource',
 'jakarta.transaction.T
ransactionManager', 'or
g.springframework.jdbc.
datasource.embedded.Emb
eddedDatabaseType' 
(OnClassCondition)


Exclusions:
-----------

    None


Unconditional classes:
----------------------

    org.springframework
.boot.autoconfigure.con
text.ConfigurationPrope
rtiesAutoConfiguration

    org.springframework
.boot.autoconfigure.ssl
.SslAutoConfiguration

    org.springframework
.boot.autoconfigure.con
text.LifecycleAutoConfi
guration

    org.springframework
.boot.autoconfigure.con
text.PropertyPlaceholde
rAutoConfiguration

    org.springframework
.boot.autoconfigure.ava
ilability.ApplicationAv
ailabilityAutoConfigura
tion

    org.springframework
.boot.autoconfigure.inf
o.ProjectInfoAutoConfig
uration



	at org.apache.maven.surefire.booter.ForkedBooter.main(ForkedBooter.java:495) ~[surefire-booter-3.5.4.jar:3.5.4]
Caused by: jakarta.persistence.PersistenceException: Unable to build Hibernate SessionFactory  [persistence unit: default] ; nested exception is java.lang.IllegalArgumentException: Unrecognized 'hibernate.hbm2ddl.auto' setting: 'always'
	at org.springframework.orm.jpa.AbstractEntityManagerFactoryBean.buildNativeEntityManagerFactory(AbstractEntityManagerFactoryBean.java:448) ~[spring-orm-7.0.5.jar:7.0.5]
	at org.springframework.orm.jpa.AbstractEntityManagerFactoryBean.afterPropertiesSet(AbstractEntityManagerFactoryBean.java:411) ~[spring-orm-7.0.5.jar:7.0.5]
	at org.springframework.orm.jpa.LocalContainerEntityManagerFactoryBean.afterPropertiesSet(LocalContainerEntityManagerFactoryBean.java:419) ~[spring-orm-7.0.5.jar:7.0.5]
	at org.springframework.beans.factory.support.AbstractAutowireCapableBeanFactory.invokeInitMethods(AbstractAutowireCapableBeanFactory.java:1864) ~[spring-beans-7.0.5.jar:7.0.5]
	at org.springframework.beans.factory.support.AbstractAutowireCapableBeanFactory.initializeBean(AbstractAutowireCapableBeanFactory.java:1813) ~[spring-beans-7.0.5.jar:7.0.5]
	... 108 common frames omitted
Caused by: java.lang.IllegalArgumentException: Unrecognized 'hibernate.hbm2ddl.auto' setting: 'always'
	at org.hibernate.tool.schema.Action.interpretHbm2ddlSetting(Action.java:321) ~[hibernate-core-7.2.4.Final.jar:7.2.4.Final]
	at org.hibernate.tool.schema.spi.SchemaManagementToolCoordinator$ActionGrouping.determineAutoSettingImpliedAction(SchemaManagementToolCoordinator.java:729) ~[hibernate-core-7.2.4.Final.jar:7.2.4.Final]
	at org.hibernate.tool.schema.spi.SchemaManagementToolCoordinator$ActionGrouping.interpret(SchemaManagementToolCoordinator.java:739) ~[hibernate-core-7.2.4.Final.jar:7.2.4.Final]
	at org.hibernate.tool.schema.spi.SchemaManagementToolCoordinator$ActionGrouping.interpret(SchemaManagementToolCoordinator.java:780) ~[hibernate-core-7.2.4.Final.jar:7.2.4.Final]
	at org.hibernate.boot.internal.MetadataImpl.shouldOrderTableColumns(MetadataImpl.java:445) ~[hibernate-core-7.2.4.Final.jar:7.2.4.Final]
	at org.hibernate.boot.internal.MetadataImpl.orderColumns(MetadataImpl.java:363) ~[hibernate-core-7.2.4.Final.jar:7.2.4.Final]
	at org.hibernate.internal.SessionFactoryImpl.<init>(SessionFactoryImpl.java:264) ~[hibernate-core-7.2.4.Final.jar:7.2.4.Final]
	at org.hibernate.internal.SessionFactoryRegistry.instantiateSessionFactory(SessionFactoryRegistry.java:64) ~[hibernate-core-7.2.4.Final.jar:7.2.4.Final]
	at org.hibernate.boot.internal.SessionFactoryBuilderImpl.build(SessionFactoryBuilderImpl.java:437) ~[hibernate-core-7.2.4.Final.jar:7.2.4.Final]
	at org.hibernate.jpa.boot.internal.EntityManagerFactoryBuilderImpl.build(EntityManagerFactoryBuilderImpl.java:1456) ~[hibernate-core-7.2.4.Final.jar:7.2.4.Final]
	at org.springframework.orm.jpa.vendor.SpringHibernateJpaPersistenceProvider.createContainerEntityManagerFactory(SpringHibernateJpaPersistenceProvider.java:93) ~[spring-orm-7.0.5.jar:7.0.5]
	at org.springframework.orm.jpa.LocalContainerEntityManagerFactoryBean.createNativeEntityManagerFactory(LocalContainerEntityManagerFactoryBean.java:443) ~[spring-orm-7.0.5.jar:7.0.5]
	at org.springframework.orm.jpa.AbstractEntityManagerFactoryBean.buildNativeEntityManagerFactory(AbstractEntityManagerFactoryBean.java:436) ~[spring-orm-7.0.5.jar:7.0.5]
	... 112 common frames omitted

2026-03-03T15:41:21.913+05:30  WARN 4424 --- [           main] o.s.test.context.TestContextManager      : Caught exception while allowing TestExecutionListener [org.springframework.test.context.web.ServletTestExecutionListener] to prepare test instance [com.ecommerce.shipping.ShippingCalculatorApplicationTests@1dc28c66]

java.lang.IllegalStateException: Failed to load ApplicationContext for [WebMergedContextConfiguration@31ecd003 testClass = com.ecommerce.shipping.ShippingCalculatorApplicationTests, locations = [], classes = [com.ecommerce.shipping.ShippingCalculatorApplication], contextInitializerClasses = [], activeProfiles = [], propertySourceDescriptors = [], propertySourceProperties = ["org.springframework.boot.test.context.SpringBootTestContextBootstrapper=true"], contextCustomizers = [org.springframework.boot.test.context.PropertyMappingContextCustomizer@0, org.springframework.boot.test.context.filter.ExcludeFilterContextCustomizer@6342ff7f, org.springframework.boot.test.json.DuplicateJsonObjectContextCustomizerFactory$DuplicateJsonObjectContextCustomizer@42a0501e, org.springframework.boot.test.autoconfigure.OnFailureConditionReportContextCustomizerFactory$OnFailureConditionReportContextCustomizer@7dffda8b, org.springframework.test.context.support.DynamicPropertiesContextCustomizer@0, org.springframework.boot.webmvc.test.autoconfigure.WebDriverContextCustomizer@73809e7, org.springframework.boot.web.server.context.SpringBootTestRandomPortContextCustomizer@290e8cab, org.springframework.boot.test.context.SpringBootTestAnnotation@fd8bd56f], resourceBasePath = "src/main/webapp", contextLoader = org.springframework.boot.test.context.SpringBootContextLoader, parent = null]
	at org.springframework.test.context.cache.DefaultCacheAwareContextLoaderDelegate.lambda$loadContext$0(DefaultCacheAwareContextLoaderDelegate.java:195) ~[spring-test-7.0.5.jar:7.0.5]
	at org.springframework.test.context.cache.DefaultContextCache.put(DefaultContextCache.java:214) ~[spring-test-7.0.5.jar:7.0.5]
	at org.springframework.test.context.cache.DefaultCacheAwareContextLoaderDelegate.loadContext(DefaultCacheAwareContextLoaderDelegate.java:160) ~[spring-test-7.0.5.jar:7.0.5]
	at org.springframework.test.context.support.DefaultTestContext.getApplicationContext(DefaultTestContext.java:128) ~[spring-test-7.0.5.jar:7.0.5]
	at org.springframework.test.context.web.ServletTestExecutionListener.setUpRequestContextIfNecessary(ServletTestExecutionListener.java:200) ~[spring-test-7.0.5.jar:7.0.5]
	at org.springframework.test.context.web.ServletTestExecutionListener.prepareTestInstance(ServletTestExecutionListener.java:139) ~[spring-test-7.0.5.jar:7.0.5]
	at org.springframework.test.context.TestContextManager.prepareTestInstance(TestContextManager.java:260) ~[spring-test-7.0.5.jar:7.0.5]
	at org.springframework.test.context.junit.jupiter.SpringExtension.postProcessTestInstance(SpringExtension.java:210) ~[spring-test-7.0.5.jar:7.0.5]
	at org.junit.jupiter.engine.descriptor.ClassBasedTestDescriptor.lambda$invokeTestInstancePostProcessors$1(ClassBasedTestDescriptor.java:423) ~[junit-jupiter-engine-6.0.3.jar:6.0.3]
	at org.junit.jupiter.engine.descriptor.ClassBasedTestDescriptor.executeAndMaskThrowable(ClassBasedTestDescriptor.java:428) ~[junit-jupiter-engine-6.0.3.jar:6.0.3]
	at org.junit.jupiter.engine.descriptor.ClassBasedTestDescriptor.lambda$invokeTestInstancePostProcessors$0(ClassBasedTestDescriptor.java:422) ~[junit-jupiter-engine-6.0.3.jar:6.0.3]
	at java.base/java.util.stream.ForEachOps$ForEachOp$OfRef.accept(ForEachOps.java:183) ~[na:na]
	at java.base/java.util.stream.ReferencePipeline$3$1.accept(ReferencePipeline.java:197) ~[na:na]
	at java.base/java.util.stream.ReferencePipeline$2$1.accept(ReferencePipeline.java:179) ~[na:na]
	at java.base/java.util.stream.ReferencePipeline$3$1.accept(ReferencePipeline.java:197) ~[na:na]
	at java.base/java.util.ArrayList$ArrayListSpliterator.forEachRemaining(ArrayList.java:1625) ~[na:na]
	at java.base/java.util.stream.AbstractPipeline.copyInto(AbstractPipeline.java:509) ~[na:na]
	at java.base/java.util.stream.AbstractPipeline.wrapAndCopyInto(AbstractPipeline.java:499) ~[na:na]
	at java.base/java.util.stream.ForEachOps$ForEachOp.evaluateSequential(ForEachOps.java:150) ~[na:na]
	at java.base/java.util.stream.ForEachOps$ForEachOp$OfRef.evaluateSequential(ForEachOps.java:173) ~[na:na]
	at java.base/java.util.stream.AbstractPipeline.evaluate(AbstractPipeline.java:234) ~[na:na]
	at java.base/java.util.stream.ReferencePipeline.forEach(ReferencePipeline.java:596) ~[na:na]
	at org.junit.jupiter.engine.descriptor.ClassBasedTestDescriptor.invokeTestInstancePostProcessors(ClassBasedTestDescriptor.java:422) ~[junit-jupiter-engine-6.0.3.jar:6.0.3]
	at org.junit.jupiter.engine.descriptor.ClassBasedTestDescriptor.lambda$instantiateAndPostProcessTestInstance$0(ClassBasedTestDescriptor.java:334) ~[junit-jupiter-engine-6.0.3.jar:6.0.3]
	at org.junit.platform.engine.support.hierarchical.ThrowableCollector.execute(ThrowableCollector.java:74) ~[junit-platform-engine-6.0.3.jar:6.0.3]
	at org.junit.jupiter.engine.descriptor.ClassBasedTestDescriptor.instantiateAndPostProcessTestInstance(ClassBasedTestDescriptor.java:333) ~[junit-jupiter-engine-6.0.3.jar:6.0.3]
	at org.junit.jupiter.engine.descriptor.ClassBasedTestDescriptor.lambda$testInstancesProvider$1(ClassBasedTestDescriptor.java:322) ~[junit-jupiter-engine-6.0.3.jar:6.0.3]
	at java.base/java.util.Optional.orElseGet(Optional.java:364) ~[na:na]
	at org.junit.jupiter.engine.descriptor.ClassBasedTestDescriptor.lambda$testInstancesProvider$0(ClassBasedTestDescriptor.java:321) ~[junit-jupiter-engine-6.0.3.jar:6.0.3]
	at org.junit.jupiter.engine.execution.TestInstancesProvider.getTestInstances(TestInstancesProvider.java:27) ~[junit-jupiter-engine-6.0.3.jar:6.0.3]
	at org.junit.jupiter.engine.descriptor.TestMethodTestDescriptor.lambda$prepare$0(TestMethodTestDescriptor.java:127) ~[junit-jupiter-engine-6.0.3.jar:6.0.3]
	at org.junit.platform.engine.support.hierarchical.ThrowableCollector.execute(ThrowableCollector.java:74) ~[junit-platform-engine-6.0.3.jar:6.0.3]
	at org.junit.jupiter.engine.descriptor.TestMethodTestDescriptor.prepare(TestMethodTestDescriptor.java:126) ~[junit-jupiter-engine-6.0.3.jar:6.0.3]
	at org.junit.jupiter.engine.descriptor.TestMethodTestDescriptor.prepare(TestMethodTestDescriptor.java:70) ~[junit-jupiter-engine-6.0.3.jar:6.0.3]
	at org.junit.platform.engine.support.hierarchical.NodeTestTask.lambda$prepare$0(NodeTestTask.java:144) ~[junit-platform-engine-6.0.3.jar:6.0.3]
	at org.junit.platform.engine.support.hierarchical.ThrowableCollector.execute(ThrowableCollector.java:74) ~[junit-platform-engine-6.0.3.jar:6.0.3]
	at org.junit.platform.engine.support.hierarchical.NodeTestTask.prepare(NodeTestTask.java:144) ~[junit-platform-engine-6.0.3.jar:6.0.3]
	at org.junit.platform.engine.support.hierarchical.NodeTestTask.execute(NodeTestTask.java:110) ~[junit-platform-engine-6.0.3.jar:6.0.3]
	at java.base/java.util.ArrayList.forEach(ArrayList.java:1511) ~[na:na]
	at org.junit.platform.engine.support.hierarchical.SameThreadHierarchicalTestExecutorService.invokeAll(SameThreadHierarchicalTestExecutorService.java:42) ~[junit-platform-engine-6.0.3.jar:6.0.3]
	at org.junit.platform.engine.support.hierarchical.NodeTestTask.lambda$executeRecursively$2(NodeTestTask.java:180) ~[junit-platform-engine-6.0.3.jar:6.0.3]
	at org.junit.platform.engine.support.hierarchical.ThrowableCollector.execute(ThrowableCollector.java:74) ~[junit-platform-engine-6.0.3.jar:6.0.3]
	at org.junit.platform.engine.support.hierarchical.NodeTestTask.lambda$executeRecursively$1(NodeTestTask.java:166) ~[junit-platform-engine-6.0.3.jar:6.0.3]
	at org.junit.platform.engine.support.hierarchical.Node.around(Node.java:138) ~[junit-platform-engine-6.0.3.jar:6.0.3]
	at org.junit.platform.engine.support.hierarchical.NodeTestTask.lambda$executeRecursively$0(NodeTestTask.java:164) ~[junit-platform-engine-6.0.3.jar:6.0.3]
	at org.junit.platform.engine.support.hierarchical.ThrowableCollector.execute(ThrowableCollector.java:74) ~[junit-platform-engine-6.0.3.jar:6.0.3]
	at org.junit.platform.engine.support.hierarchical.NodeTestTask.executeRecursively(NodeTestTask.java:163) ~[junit-platform-engine-6.0.3.jar:6.0.3]
	at org.junit.platform.engine.support.hierarchical.NodeTestTask.execute(NodeTestTask.java:116) ~[junit-platform-engine-6.0.3.jar:6.0.3]
	at java.base/java.util.ArrayList.forEach(ArrayList.java:1511) ~[na:na]
	at org.junit.platform.engine.support.hierarchical.SameThreadHierarchicalTestExecutorService.invokeAll(SameThreadHierarchicalTestExecutorService.java:42) ~[junit-platform-engine-6.0.3.jar:6.0.3]
	at org.junit.platform.engine.support.hierarchical.NodeTestTask.lambda$executeRecursively$2(NodeTestTask.java:180) ~[junit-platform-engine-6.0.3.jar:6.0.3]
	at org.junit.platform.engine.support.hierarchical.ThrowableCollector.execute(ThrowableCollector.java:74) ~[junit-platform-engine-6.0.3.jar:6.0.3]
	at org.junit.platform.engine.support.hierarchical.NodeTestTask.lambda$executeRecursively$1(NodeTestTask.java:166) ~[junit-platform-engine-6.0.3.jar:6.0.3]
	at org.junit.platform.engine.support.hierarchical.Node.around(Node.java:138) ~[junit-platform-engine-6.0.3.jar:6.0.3]
	at org.junit.platform.engine.support.hierarchical.NodeTestTask.lambda$executeRecursively$0(NodeTestTask.java:164) ~[junit-platform-engine-6.0.3.jar:6.0.3]
	at org.junit.platform.engine.support.hierarchical.ThrowableCollector.execute(ThrowableCollector.java:74) ~[junit-platform-engine-6.0.3.jar:6.0.3]
	at org.junit.platform.engine.support.hierarchical.NodeTestTask.executeRecursively(NodeTestTask.java:163) ~[junit-platform-engine-6.0.3.jar:6.0.3]
	at org.junit.platform.engine.support.hierarchical.NodeTestTask.execute(NodeTestTask.java:116) ~[junit-platform-engine-6.0.3.jar:6.0.3]
	at org.junit.platform.engine.support.hierarchical.SameThreadHierarchicalTestExecutorService.submit(SameThreadHierarchicalTestExecutorService.java:36) ~[junit-platform-engine-6.0.3.jar:6.0.3]
	at org.junit.platform.engine.support.hierarchical.HierarchicalTestExecutor.execute(HierarchicalTestExecutor.java:52) ~[junit-platform-engine-6.0.3.jar:6.0.3]
	at org.junit.platform.engine.support.hierarchical.HierarchicalTestEngine.execute(HierarchicalTestEngine.java:58) ~[junit-platform-engine-6.0.3.jar:6.0.3]
	at org.junit.platform.launcher.core.EngineExecutionOrchestrator.executeEngine(EngineExecutionOrchestrator.java:246) ~[junit-platform-launcher-6.0.3.jar:6.0.3]
	at org.junit.platform.launcher.core.EngineExecutionOrchestrator.failOrExecuteEngine(EngineExecutionOrchestrator.java:218) ~[junit-platform-launcher-6.0.3.jar:6.0.3]
	at org.junit.platform.launcher.core.EngineExecutionOrchestrator.execute(EngineExecutionOrchestrator.java:179) ~[junit-platform-launcher-6.0.3.jar:6.0.3]
	at org.junit.platform.launcher.core.EngineExecutionOrchestrator.execute(EngineExecutionOrchestrator.java:108) ~[junit-platform-launcher-6.0.3.jar:6.0.3]
	at org.junit.platform.launcher.core.EngineExecutionOrchestrator.lambda$execute$0(EngineExecutionOrchestrator.java:66) ~[junit-platform-launcher-6.0.3.jar:6.0.3]
	at org.junit.platform.launcher.core.EngineExecutionOrchestrator.withInterceptedStreams(EngineExecutionOrchestrator.java:157) ~[junit-platform-launcher-6.0.3.jar:6.0.3]
	at org.junit.platform.launcher.core.EngineExecutionOrchestrator.execute(EngineExecutionOrchestrator.java:65) ~[junit-platform-launcher-6.0.3.jar:6.0.3]
	at org.junit.platform.launcher.core.DefaultLauncher.execute(DefaultLauncher.java:125) ~[junit-platform-launcher-6.0.3.jar:6.0.3]
	at org.junit.platform.launcher.core.DefaultLauncher.execute(DefaultLauncher.java:114) ~[junit-platform-launcher-6.0.3.jar:6.0.3]
	at org.junit.platform.launcher.core.DelegatingLauncher.execute(DelegatingLauncher.java:58) ~[junit-platform-launcher-6.0.3.jar:6.0.3]
	at org.junit.platform.launcher.core.InterceptingLauncher.lambda$execute$2(InterceptingLauncher.java:57) ~[junit-platform-launcher-6.0.3.jar:6.0.3]
	at org.junit.platform.launcher.core.ClasspathAlignmentCheckingLauncherInterceptor.intercept(ClasspathAlignmentCheckingLauncherInterceptor.java:25) ~[junit-platform-launcher-6.0.3.jar:6.0.3]
	at org.junit.platform.launcher.core.InterceptingLauncher.execute(InterceptingLauncher.java:56) ~[junit-platform-launcher-6.0.3.jar:6.0.3]
	at org.junit.platform.launcher.core.DelegatingLauncher.execute(DelegatingLauncher.java:58) ~[junit-platform-launcher-6.0.3.jar:6.0.3]
	at java.base/jdk.internal.reflect.NativeMethodAccessorImpl.invoke0(Native Method) ~[na:na]
	at java.base/jdk.internal.reflect.NativeMethodAccessorImpl.invoke(NativeMethodAccessorImpl.java:77) ~[na:na]
	at java.base/jdk.internal.reflect.DelegatingMethodAccessorImpl.invoke(DelegatingMethodAccessorImpl.java:43) ~[na:na]
	at java.base/java.lang.reflect.Method.invoke(Method.java:569) ~[na:na]
	at org.apache.maven.surefire.api.util.ReflectionUtils.invokeMethodWithArray(ReflectionUtils.java:125) ~[surefire-api-3.5.4.jar:3.5.4]
	at org.apache.maven.surefire.junitplatform.LauncherAdapter.executeWithCancellationToken(LauncherAdapter.java:68) ~[surefire-junit-platform-3.5.4.jar:3.5.4]
	at org.apache.maven.surefire.junitplatform.LauncherAdapter.execute(LauncherAdapter.java:54) ~[surefire-junit-platform-3.5.4.jar:3.5.4]
	at org.apache.maven.surefire.junitplatform.JUnitPlatformProvider.execute(JUnitPlatformProvider.java:203) ~[surefire-junit-platform-3.5.4.jar:3.5.4]
	at org.apache.maven.surefire.junitplatform.JUnitPlatformProvider.invokeAllTests(JUnitPlatformProvider.java:168) ~[surefire-junit-platform-3.5.4.jar:3.5.4]
	at org.apache.maven.surefire.junitplatform.JUnitPlatformProvider.invoke(JUnitPlatformProvider.java:136) ~[surefire-junit-platform-3.5.4.jar:3.5.4]
	at org.apache.maven.surefire.booter.ForkedBooter.runSuitesInProcess(ForkedBooter.java:385) ~[surefire-booter-3.5.4.jar:3.5.4]
	at org.apache.maven.surefire.booter.ForkedBooter.execute(ForkedBooter.java:162) ~[surefire-booter-3.5.4.jar:3.5.4]
	at org.apache.maven.surefire.booter.ForkedBooter.run(ForkedBooter.java:507) ~[surefire-booter-3.5.4.jar:3.5.4]
	at org.apache.maven.surefire.booter.ForkedBooter.main(ForkedBooter.java:495) ~[surefire-booter-3.5.4.jar:3.5.4]
Caused by: org.springframework.beans.factory.BeanCreationException: Error creating bean with name 'entityManagerFactory' defined in class path resource [org/springframework/boot/hibernate/autoconfigure/HibernateJpaConfiguration.class]: Unable to build Hibernate SessionFactory  [persistence unit: default] ; nested exception is java.lang.IllegalArgumentException: Unrecognized 'hibernate.hbm2ddl.auto' setting: 'always'
	at org.springframework.beans.factory.support.AbstractAutowireCapableBeanFactory.initializeBean(AbstractAutowireCapableBeanFactory.java:1817) ~[spring-beans-7.0.5.jar:7.0.5]
	at org.springframework.beans.factory.support.AbstractAutowireCapableBeanFactory.doCreateBean(AbstractAutowireCapableBeanFactory.java:603) ~[spring-beans-7.0.5.jar:7.0.5]
	at org.springframework.beans.factory.support.AbstractAutowireCapableBeanFactory.createBean(AbstractAutowireCapableBeanFactory.java:525) ~[spring-beans-7.0.5.jar:7.0.5]
	at org.springframework.beans.factory.support.AbstractBeanFactory.lambda$doGetBean$0(AbstractBeanFactory.java:333) ~[spring-beans-7.0.5.jar:7.0.5]
	at org.springframework.beans.factory.support.DefaultSingletonBeanRegistry.getSingleton(DefaultSingletonBeanRegistry.java:371) ~[spring-beans-7.0.5.jar:7.0.5]
	at org.springframework.beans.factory.support.AbstractBeanFactory.doGetBean(AbstractBeanFactory.java:331) ~[spring-beans-7.0.5.jar:7.0.5]
	at org.springframework.beans.factory.support.AbstractBeanFactory.getBean(AbstractBeanFactory.java:201) ~[spring-beans-7.0.5.jar:7.0.5]
	at org.springframework.context.support.AbstractApplicationContext.finishBeanFactoryInitialization(AbstractApplicationContext.java:977) ~[spring-context-7.0.5.jar:7.0.5]
	at org.springframework.context.support.AbstractApplicationContext.refresh(AbstractApplicationContext.java:621) ~[spring-context-7.0.5.jar:7.0.5]
	at org.springframework.boot.SpringApplication.refresh(SpringApplication.java:756) ~[spring-boot-4.0.3.jar:4.0.3]
	at org.springframework.boot.SpringApplication.refreshContext(SpringApplication.java:445) ~[spring-boot-4.0.3.jar:4.0.3]
	at org.springframework.boot.SpringApplication.run(SpringApplication.java:321) ~[spring-boot-4.0.3.jar:4.0.3]
	at org.springframework.boot.test.context.SpringBootContextLoader.lambda$loadContext$2(SpringBootContextLoader.java:156) ~[spring-boot-test-4.0.3.jar:4.0.3]
	at org.springframework.util.function.ThrowingSupplier.get(ThrowingSupplier.java:58) ~[spring-core-7.0.5.jar:7.0.5]
	at org.springframework.util.function.ThrowingSupplier.get(ThrowingSupplier.java:46) ~[spring-core-7.0.5.jar:7.0.5]
	at org.springframework.boot.SpringApplication.withHook(SpringApplication.java:1465) ~[spring-boot-4.0.3.jar:4.0.3]
	at org.springframework.boot.test.context.SpringBootContextLoader$ContextLoaderHook.run(SpringBootContextLoader.java:605) ~[spring-boot-test-4.0.3.jar:4.0.3]
	at org.springframework.boot.test.context.SpringBootContextLoader.loadContext(SpringBootContextLoader.java:156) ~[spring-boot-test-4.0.3.jar:4.0.3]
	at org.springframework.boot.test.context.SpringBootContextLoader.loadContext(SpringBootContextLoader.java:115) ~[spring-boot-test-4.0.3.jar:4.0.3]
	at org.springframework.test.context.cache.DefaultCacheAwareContextLoaderDelegate.loadContextInternal(DefaultCacheAwareContextLoaderDelegate.java:247) ~[spring-test-7.0.5.jar:7.0.5]
	at org.springframework.test.context.cache.DefaultCacheAwareContextLoaderDelegate.lambda$loadContext$0(DefaultCacheAwareContextLoaderDelegate.java:167) ~[spring-test-7.0.5.jar:7.0.5]
	... 88 common frames omitted
Caused by: jakarta.persistence.PersistenceException: Unable to build Hibernate SessionFactory  [persistence unit: default] ; nested exception is java.lang.IllegalArgumentException: Unrecognized 'hibernate.hbm2ddl.auto' setting: 'always'
	at org.springframework.orm.jpa.AbstractEntityManagerFactoryBean.buildNativeEntityManagerFactory(AbstractEntityManagerFactoryBean.java:448) ~[spring-orm-7.0.5.jar:7.0.5]
	at org.springframework.orm.jpa.AbstractEntityManagerFactoryBean.afterPropertiesSet(AbstractEntityManagerFactoryBean.java:411) ~[spring-orm-7.0.5.jar:7.0.5]
	at org.springframework.orm.jpa.LocalContainerEntityManagerFactoryBean.afterPropertiesSet(LocalContainerEntityManagerFactoryBean.java:419) ~[spring-orm-7.0.5.jar:7.0.5]
	at org.springframework.beans.factory.support.AbstractAutowireCapableBeanFactory.invokeInitMethods(AbstractAutowireCapableBeanFactory.java:1864) ~[spring-beans-7.0.5.jar:7.0.5]
	at org.springframework.beans.factory.support.AbstractAutowireCapableBeanFactory.initializeBean(AbstractAutowireCapableBeanFactory.java:1813) ~[spring-beans-7.0.5.jar:7.0.5]
	... 108 common frames omitted
Caused by: java.lang.IllegalArgumentException: Unrecognized 'hibernate.hbm2ddl.auto' setting: 'always'
	at org.hibernate.tool.schema.Action.interpretHbm2ddlSetting(Action.java:321) ~[hibernate-core-7.2.4.Final.jar:7.2.4.Final]
	at org.hibernate.tool.schema.spi.SchemaManagementToolCoordinator$ActionGrouping.determineAutoSettingImpliedAction(SchemaManagementToolCoordinator.java:729) ~[hibernate-core-7.2.4.Final.jar:7.2.4.Final]
	at org.hibernate.tool.schema.spi.SchemaManagementToolCoordinator$ActionGrouping.interpret(SchemaManagementToolCoordinator.java:739) ~[hibernate-core-7.2.4.Final.jar:7.2.4.Final]
	at org.hibernate.tool.schema.spi.SchemaManagementToolCoordinator$ActionGrouping.interpret(SchemaManagementToolCoordinator.java:780) ~[hibernate-core-7.2.4.Final.jar:7.2.4.Final]
	at org.hibernate.boot.internal.MetadataImpl.shouldOrderTableColumns(MetadataImpl.java:445) ~[hibernate-core-7.2.4.Final.jar:7.2.4.Final]
	at org.hibernate.boot.internal.MetadataImpl.orderColumns(MetadataImpl.java:363) ~[hibernate-core-7.2.4.Final.jar:7.2.4.Final]
	at org.hibernate.internal.SessionFactoryImpl.<init>(SessionFactoryImpl.java:264) ~[hibernate-core-7.2.4.Final.jar:7.2.4.Final]
	at org.hibernate.internal.SessionFactoryRegistry.instantiateSessionFactory(SessionFactoryRegistry.java:64) ~[hibernate-core-7.2.4.Final.jar:7.2.4.Final]
	at org.hibernate.boot.internal.SessionFactoryBuilderImpl.build(SessionFactoryBuilderImpl.java:437) ~[hibernate-core-7.2.4.Final.jar:7.2.4.Final]
	at org.hibernate.jpa.boot.internal.EntityManagerFactoryBuilderImpl.build(EntityManagerFactoryBuilderImpl.java:1456) ~[hibernate-core-7.2.4.Final.jar:7.2.4.Final]
	at org.springframework.orm.jpa.vendor.SpringHibernateJpaPersistenceProvider.createContainerEntityManagerFactory(SpringHibernateJpaPersistenceProvider.java:93) ~[spring-orm-7.0.5.jar:7.0.5]
	at org.springframework.orm.jpa.LocalContainerEntityManagerFactoryBean.createNativeEntityManagerFactory(LocalContainerEntityManagerFactoryBean.java:443) ~[spring-orm-7.0.5.jar:7.0.5]
	at org.springframework.orm.jpa.AbstractEntityManagerFactoryBean.buildNativeEntityManagerFactory(AbstractEntityManagerFactoryBean.java:436) ~[spring-orm-7.0.5.jar:7.0.5]
	... 112 common frames omitted

[ERROR] Tests run: 1, Failures: 0, Errors: 1, Skipped: 0, Time elapsed: 12.19 s <<< FAILURE! -- in com.ecommerce.shipping.ShippingCalculatorApplicationTests
[ERROR] com.ecommerce.shipping.ShippingCalculatorApplicationTests.contextLoads -- Time elapsed: 0.015 s <<< ERROR!
java.lang.IllegalStateException: Failed to load ApplicationContext for [WebMergedContextConfiguration@31ecd003 testClass = com.ecommerce.shipping.ShippingCalculatorApplicationTests, locations = [], classes = [com.ecommerce.shipping.ShippingCalculatorApplication], contextInitializerClasses = [], activeProfiles = [], propertySourceDescriptors = [], propertySourceProperties = ["org.springframework.boot.test.context.SpringBootTestContextBootstrapper=true"], contextCustomizers = [org.springframework.boot.test.context.PropertyMappingContextCustomizer@0, org.springframework.boot.test.context.filter.ExcludeFilterContextCustomizer@6342ff7f, org.springframework.boot.test.json.DuplicateJsonObjectContextCustomizerFactory$DuplicateJsonObjectContextCustomizer@42a0501e, org.springframework.boot.test.autoconfigure.OnFailureConditionReportContextCustomizerFactory$OnFailureConditionReportContextCustomizer@7dffda8b, org.springframework.test.context.support.DynamicPropertiesContextCustomizer@0, org.springframework.boot.webmvc.test.autoconfigure.WebDriverContextCustomizer@73809e7, org.springframework.boot.web.server.context.SpringBootTestRandomPortContextCustomizer@290e8cab, org.springframework.boot.test.context.SpringBootTestAnnotation@fd8bd56f], resourceBasePath = "src/main/webapp", contextLoader = org.springframework.boot.test.context.SpringBootContextLoader, parent = null]
	at org.springframework.test.context.cache.DefaultCacheAwareContextLoaderDelegate.lambda$loadContext$0(DefaultCacheAwareContextLoaderDelegate.java:195)
	at org.springframework.test.context.cache.DefaultContextCache.put(DefaultContextCache.java:214)
	at org.springframework.test.context.cache.DefaultCacheAwareContextLoaderDelegate.loadContext(DefaultCacheAwareContextLoaderDelegate.java:160)
	at org.springframework.test.context.support.DefaultTestContext.getApplicationContext(DefaultTestContext.java:128)
	at org.springframework.test.context.web.ServletTestExecutionListener.setUpRequestContextIfNecessary(ServletTestExecutionListener.java:200)
	at org.springframework.test.context.web.ServletTestExecutionListener.prepareTestInstance(ServletTestExecutionListener.java:139)
	at org.springframework.test.context.TestContextManager.prepareTestInstance(TestContextManager.java:260)
	at org.springframework.test.context.junit.jupiter.SpringExtension.postProcessTestInstance(SpringExtension.java:210)
	at java.base/java.util.stream.ForEachOps$ForEachOp$OfRef.accept(ForEachOps.java:183)
	at java.base/java.util.stream.ReferencePipeline$3$1.accept(ReferencePipeline.java:197)
	at java.base/java.util.stream.ReferencePipeline$2$1.accept(ReferencePipeline.java:179)
	at java.base/java.util.stream.ReferencePipeline$3$1.accept(ReferencePipeline.java:197)
	at java.base/java.util.ArrayList$ArrayListSpliterator.forEachRemaining(ArrayList.java:1625)
	at java.base/java.util.stream.AbstractPipeline.copyInto(AbstractPipeline.java:509)
	at java.base/java.util.stream.AbstractPipeline.wrapAndCopyInto(AbstractPipeline.java:499)
	at java.base/java.util.stream.ForEachOps$ForEachOp.evaluateSequential(ForEachOps.java:150)
	at java.base/java.util.stream.ForEachOps$ForEachOp$OfRef.evaluateSequential(ForEachOps.java:173)
	at java.base/java.util.stream.AbstractPipeline.evaluate(AbstractPipeline.java:234)
	at java.base/java.util.stream.ReferencePipeline.forEach(ReferencePipeline.java:596)
	at java.base/java.util.Optional.orElseGet(Optional.java:364)
	at java.base/java.util.ArrayList.forEach(ArrayList.java:1511)
	at java.base/java.util.ArrayList.forEach(ArrayList.java:1511)
Caused by: org.springframework.beans.factory.BeanCreationException: Error creating bean with name 'entityManagerFactory' defined in class path resource [org/springframework/boot/hibernate/autoconfigure/HibernateJpaConfiguration.class]: Unable to build Hibernate SessionFactory  [persistence unit: default] ; nested exception is java.lang.IllegalArgumentException: Unrecognized 'hibernate.hbm2ddl.auto' setting: 'always'
	at org.springframework.beans.factory.support.AbstractAutowireCapableBeanFactory.initializeBean(AbstractAutowireCapableBeanFactory.java:1817)
	at org.springframework.beans.factory.support.AbstractAutowireCapableBeanFactory.doCreateBean(AbstractAutowireCapableBeanFactory.java:603)
	at org.springframework.beans.factory.support.AbstractAutowireCapableBeanFactory.createBean(AbstractAutowireCapableBeanFactory.java:525)
	at org.springframework.beans.factory.support.AbstractBeanFactory.lambda$doGetBean$0(AbstractBeanFactory.java:333)
	at org.springframework.beans.factory.support.DefaultSingletonBeanRegistry.getSingleton(DefaultSingletonBeanRegistry.java:371)
	at org.springframework.beans.factory.support.AbstractBeanFactory.doGetBean(AbstractBeanFactory.java:331)
	at org.springframework.beans.factory.support.AbstractBeanFactory.getBean(AbstractBeanFactory.java:201)
	at org.springframework.context.support.AbstractApplicationContext.finishBeanFactoryInitialization(AbstractApplicationContext.java:977)
	at org.springframework.context.support.AbstractApplicationContext.refresh(AbstractApplicationContext.java:621)
	at org.springframework.boot.SpringApplication.refresh(SpringApplication.java:756)
	at org.springframework.boot.SpringApplication.refreshContext(SpringApplication.java:445)
	at org.springframework.boot.SpringApplication.run(SpringApplication.java:321)
	at org.springframework.boot.test.context.SpringBootContextLoader.lambda$loadContext$2(SpringBootContextLoader.java:156)
	at org.springframework.util.function.ThrowingSupplier.get(ThrowingSupplier.java:58)
	at org.springframework.util.function.ThrowingSupplier.get(ThrowingSupplier.java:46)
	at org.springframework.boot.SpringApplication.withHook(SpringApplication.java:1465)
	at org.springframework.boot.test.context.SpringBootContextLoader$ContextLoaderHook.run(SpringBootContextLoader.java:605)
	at org.springframework.boot.test.context.SpringBootContextLoader.loadContext(SpringBootContextLoader.java:156)
	at org.springframework.boot.test.context.SpringBootContextLoader.loadContext(SpringBootContextLoader.java:115)
	at org.springframework.test.context.cache.DefaultCacheAwareContextLoaderDelegate.loadContextInternal(DefaultCacheAwareContextLoaderDelegate.java:247)
	at org.springframework.test.context.cache.DefaultCacheAwareContextLoaderDelegate.lambda$loadContext$0(DefaultCacheAwareContextLoaderDelegate.java:167)
	... 21 more
Caused by: jakarta.persistence.PersistenceException: Unable to build Hibernate SessionFactory  [persistence unit: default] ; nested exception is java.lang.IllegalArgumentException: Unrecognized 'hibernate.hbm2ddl.auto' setting: 'always'
	at org.springframework.orm.jpa.AbstractEntityManagerFactoryBean.buildNativeEntityManagerFactory(AbstractEntityManagerFactoryBean.java:448)
	at org.springframework.orm.jpa.AbstractEntityManagerFactoryBean.afterPropertiesSet(AbstractEntityManagerFactoryBean.java:411)
	at org.springframework.orm.jpa.LocalContainerEntityManagerFactoryBean.afterPropertiesSet(LocalContainerEntityManagerFactoryBean.java:419)
	at org.springframework.beans.factory.support.AbstractAutowireCapableBeanFactory.invokeInitMethods(AbstractAutowireCapableBeanFactory.java:1864)
	at org.springframework.beans.factory.support.AbstractAutowireCapableBeanFactory.initializeBean(AbstractAutowireCapableBeanFactory.java:1813)
	... 41 more
Caused by: java.lang.IllegalArgumentException: Unrecognized 'hibernate.hbm2ddl.auto' setting: 'always'
	at org.hibernate.tool.schema.Action.interpretHbm2ddlSetting(Action.java:321)
	at org.hibernate.tool.schema.spi.SchemaManagementToolCoordinator$ActionGrouping.determineAutoSettingImpliedAction(SchemaManagementToolCoordinator.java:729)
	at org.hibernate.tool.schema.spi.SchemaManagementToolCoordinator$ActionGrouping.interpret(SchemaManagementToolCoordinator.java:739)
	at org.hibernate.tool.schema.spi.SchemaManagementToolCoordinator$ActionGrouping.interpret(SchemaManagementToolCoordinator.java:780)
	at org.hibernate.boot.internal.MetadataImpl.shouldOrderTableColumns(MetadataImpl.java:445)
	at org.hibernate.boot.internal.MetadataImpl.orderColumns(MetadataImpl.java:363)
	at org.hibernate.internal.SessionFactoryImpl.<init>(SessionFactoryImpl.java:264)
	at org.hibernate.internal.SessionFactoryRegistry.instantiateSessionFactory(SessionFactoryRegistry.java:64)
	at org.hibernate.boot.internal.SessionFactoryBuilderImpl.build(SessionFactoryBuilderImpl.java:437)
	at org.hibernate.jpa.boot.internal.EntityManagerFactoryBuilderImpl.build(EntityManagerFactoryBuilderImpl.java:1456)
	at org.springframework.orm.jpa.vendor.SpringHibernateJpaPersistenceProvider.createContainerEntityManagerFactory(SpringHibernateJpaPersistenceProvider.java:93)
	at org.springframework.orm.jpa.LocalContainerEntityManagerFactoryBean.createNativeEntityManagerFactory(LocalContainerEntityManagerFactoryBean.java:443)
	at org.springframework.orm.jpa.AbstractEntityManagerFactoryBean.buildNativeEntityManagerFactory(AbstractEntityManagerFactoryBean.java:436)
	... 45 more

[INFO] Running com.ecommerce.shipping.util.DistanceCalculatorTest
[INFO] Tests run: 3, Failures: 0, Errors: 0, Skipped: 0, Time elapsed: 0.020 s -- in com.ecommerce.shipping.util.DistanceCalculatorTest
[INFO] 
[INFO] Results:
[INFO] 
[ERROR] Errors: 
[ERROR]   ShippingCalculatorApplicationTests.contextLoads ╗ IllegalState Failed to load ApplicationContext for [WebMergedContextConfiguration@31ecd003 testClass = com.ecommerce.shipping.ShippingCalculatorApplicationTests, locations = [], classes = [com.ecommerce.shipping.ShippingCalculatorApplication], contextInitializerClasses = [], activeProfiles = [], propertySourceDescriptors = [], propertySourceProperties = ["org.springframework.boot.test.context.SpringBootTestContextBootstrapper=true"], contextCustomizers = [org.springframework.boot.test.context.PropertyMappingContextCustomizer@0, org.springframework.boot.test.context.filter.ExcludeFilterContextCustomizer@6342ff7f, org.springframework.boot.test.json.DuplicateJsonObjectContextCustomizerFactory$DuplicateJsonObjectContextCustomizer@42a0501e, org.springframework.boot.test.autoconfigure.OnFailureConditionReportContextCustomizerFactory$OnFailureConditionReportContextCustomizer@7dffda8b, org.springframework.test.context.support.DynamicPropertiesContextCustomizer@0, org.springframework.boot.webmvc.test.autoconfigure.WebDriverContextCustomizer@73809e7, org.springframework.boot.web.server.context.SpringBootTestRandomPortContextCustomizer@290e8cab, org.springframework.boot.test.context.SpringBootTestAnnotation@fd8bd56f], resourceBasePath = "src/main/webapp", contextLoader = org.springframework.boot.test.context.SpringBootContextLoader, parent = null]
[INFO] 
[ERROR] Tests run: 6, Failures: 0, Errors: 1, Skipped: 0
[INFO] 
[INFO] ------------------------------------------------------------------------
[INFO] BUILD FAILURE
[INFO] ------------------------------------------------------------------------
[INFO] Total time:  33.309 s
[INFO] Finished at: 2026-03-03T15:41:22+05:30
[INFO] ------------------------------------------------------------------------
[ERROR] Failed to execute goal org.apache.maven.plugins:maven-surefire-plugin:3.5.4:test (default-test) on project shipping-calculator: 
[ERROR] 
[ERROR] See C:\Users\91959\OneDrive\Desktop\jumbotail\shipping-calculator\target\surefire-reports for the individual test results.
[ERROR] See dump files (if any exist) [date].dump, [date]-jvmRun[N].dump and [date].dumpstream.
[ERROR] -> [Help 1]
[ERROR] 
[ERROR] To see the full stack trace of the errors, re-run Maven with the -e switch.
[ERROR] Re-run Maven using the -X switch to enable full debug logging.
[ERROR] 
[ERROR] For more information about the errors and possible solutions, please read the following articles:
[ERROR] [Help 1] http://cwiki.apache.org/confluence/display/MAVEN/MojoFailureException
